#
# There is insufficient memory for the Java Runtime Environment to continue.
# Native memory allocation (mmap) failed to map 38797312 bytes for G1 virtual space
# Possible reasons:
#   The system is out of physical RAM or swap space
#   The process is running with CompressedOops enabled, and the Java Heap may be blocking the growth of the native heap
# Possible solutions:
#   Reduce memory load on the system
#   Increase physical memory or swap space
#   Check if swap backing store is full
#   Decrease Java heap size (-Xmx/-Xms)
#   Decrease number of Java threads
#   Decrease Java thread stack sizes (-Xss)
#   Set larger code cache with -XX:ReservedCodeCacheSize=
#   JVM is running with Unscaled Compressed Oops mode in which the Java heap is
#     placed in the first 4GB address space. The Java Heap base address is the
#     maximum limit for the native heap growth. Please use -XX:HeapBaseMinAddress
#     to set the Java Heap base and to place the Java Heap above 4GB virtual address.
# This output file may be truncated or incomplete.
#
#  Out of Memory Error (os_windows.cpp:3603), pid=15992, tid=14352
#
# JRE version: Java(TM) SE Runtime Environment (21.0.7+8) (build 21.0.7+8-LTS-245)
# Java VM: Java HotSpot(TM) 64-Bit Server VM (21.0.7+8-LTS-245, mixed mode, sharing, tiered, compressed oops, compressed class ptrs, g1 gc, windows-amd64)
# No core dump will be written. Minidumps are not enabled by default on client versions of Windows
#

---------------  S U M M A R Y ------------

Command Line: -javaagent:C:\Program Files\JetBrains\IntelliJ IDEA Community Edition 2020.3.3\lib\idea_rt.jar=52853:C:\Program Files\JetBrains\IntelliJ IDEA Community Edition 2020.3.3\bin -Dfile.encoding=UTF-8 com.ecommerce.EcommerceProjectApplication

Host: Intel(R) Core(TM) i5-10210U CPU @ 1.60GHz, 8 cores, 3G,  Windows 11 , 64 bit Build 22621 (10.0.22621.5415)
Time: Sat Nov 29 16:47:23 2025 India Standard Time elapsed time: 27.284264 seconds (0d 0h 0m 27s)

---------------  T H R E A D  ---------------

Current thread (0x0000012ff9149410):  VMThread "VM Thread"          [id=14352, stack(0x0000000f9b100000,0x0000000f9b200000) (1024K)]

Stack: [0x0000000f9b100000,0x0000000f9b200000]
Native frames: (J=compiled Java code, j=interpreted, Vv=VM code, C=native code)
V  [jvm.dll+0x6cae19]
V  [jvm.dll+0x855741]
V  [jvm.dll+0x857c6e]
V  [jvm.dll+0x858343]
V  [jvm.dll+0x27e0b6]
V  [jvm.dll+0x6c7595]
V  [jvm.dll+0x6bc0fa]
V  [jvm.dll+0x353eaa]
V  [jvm.dll+0x35bb26]
V  [jvm.dll+0x3ae52e]
V  [jvm.dll+0x3ae7d8]
V  [jvm.dll+0x3281bc]
V  [jvm.dll+0x328247]
V  [jvm.dll+0x36cbcc]
V  [jvm.dll+0x36b41e]
V  [jvm.dll+0x327981]
V  [jvm.dll+0x36ab3a]
V  [jvm.dll+0x85e110]
V  [jvm.dll+0x85f494]
V  [jvm.dll+0x85f9d0]
V  [jvm.dll+0x85fc73]
V  [jvm.dll+0x7ffa1b]
V  [jvm.dll+0x6c94fd]
C  [ucrtbase.dll+0x29333]
C  [KERNEL32.DLL+0x1259d]
C  [ntdll.dll+0x5af78]

VM_Operation (0x0000000f9c2f99d0): G1CollectForAllocation, mode: safepoint, requested by thread 0x0000012ffe09eba0


---------------  P R O C E S S  ---------------

Threads class SMR info:
_java_thread_list=0x0000012ffee61080, length=19, elements={
0x0000012fddcbca10, 0x0000012ff9163370, 0x0000012ff9164280, 0x0000012ff9167050,
0x0000012ff916a490, 0x0000012ff91683b0, 0x0000012ff9169340, 0x0000012ff916d540,
0x0000012ff916e5e0, 0x0000012ff9384480, 0x0000012ff9717140, 0x0000012ff97177a0,
0x0000012ff9c38240, 0x0000012ffe09eba0, 0x0000012ff9f1a240, 0x0000012ff9f19520,
0x0000012ff9f1a8d0, 0x0000012ff9f19bb0, 0x0000012ff9f1af60
}

Java Threads: ( => current thread )
  0x0000012fddcbca10 JavaThread "main"                              [_thread_blocked, id=13164, stack(0x0000000f9aa00000,0x0000000f9ab00000) (1024K)]
  0x0000012ff9163370 JavaThread "Reference Handler"          daemon [_thread_blocked, id=3732, stack(0x0000000f9b200000,0x0000000f9b300000) (1024K)]
  0x0000012ff9164280 JavaThread "Finalizer"                  daemon [_thread_blocked, id=15380, stack(0x0000000f9b300000,0x0000000f9b400000) (1024K)]
  0x0000012ff9167050 JavaThread "Signal Dispatcher"          daemon [_thread_blocked, id=5260, stack(0x0000000f9b400000,0x0000000f9b500000) (1024K)]
  0x0000012ff916a490 JavaThread "Attach Listener"            daemon [_thread_blocked, id=13748, stack(0x0000000f9b500000,0x0000000f9b600000) (1024K)]
  0x0000012ff91683b0 JavaThread "Service Thread"             daemon [_thread_blocked, id=8272, stack(0x0000000f9b600000,0x0000000f9b700000) (1024K)]
  0x0000012ff9169340 JavaThread "Monitor Deflation Thread"   daemon [_thread_blocked, id=15712, stack(0x0000000f9b700000,0x0000000f9b800000) (1024K)]
  0x0000012ff916d540 JavaThread "C2 CompilerThread0"         daemon [_thread_blocked, id=13388, stack(0x0000000f9b800000,0x0000000f9b900000) (1024K)]
  0x0000012ff916e5e0 JavaThread "C1 CompilerThread0"         daemon [_thread_blocked, id=15448, stack(0x0000000f9b900000,0x0000000f9ba00000) (1024K)]
  0x0000012ff9384480 JavaThread "Common-Cleaner"             daemon [_thread_blocked, id=724, stack(0x0000000f9ba00000,0x0000000f9bb00000) (1024K)]
  0x0000012ff9717140 JavaThread "Monitor Ctrl-Break"         daemon [_thread_in_native, id=7472, stack(0x0000000f9bb00000,0x0000000f9bc00000) (1024K)]
  0x0000012ff97177a0 JavaThread "Notification Thread"        daemon [_thread_blocked, id=3116, stack(0x0000000f9bc00000,0x0000000f9bd00000) (1024K)]
  0x0000012ff9c38240 JavaThread "Thread-0"                          [_thread_blocked, id=13280, stack(0x0000000f9c100000,0x0000000f9c200000) (1024K)]
  0x0000012ffe09eba0 JavaThread "restartedMain"                     [_thread_blocked, id=5160, stack(0x0000000f9c200000,0x0000000f9c300000) (1024K)]
  0x0000012ff9f1a240 JavaThread "Catalina-utility-1"                [_thread_blocked, id=4812, stack(0x0000000f9c300000,0x0000000f9c400000) (1024K)]
  0x0000012ff9f19520 JavaThread "Catalina-utility-2"                [_thread_blocked, id=9872, stack(0x0000000f9c800000,0x0000000f9c900000) (1024K)]
  0x0000012ff9f1a8d0 JavaThread "container-0"                       [_thread_blocked, id=10644, stack(0x0000000f9c900000,0x0000000f9ca00000) (1024K)]
  0x0000012ff9f19bb0 JavaThread "mysql-cj-abandoned-connection-cleanup" daemon [_thread_blocked, id=4860, stack(0x0000000f9ca00000,0x0000000f9cb00000) (1024K)]
  0x0000012ff9f1af60 JavaThread "HikariPool-1 housekeeper"   daemon [_thread_blocked, id=11296, stack(0x0000000f9cc00000,0x0000000f9cd00000) (1024K)]
Total: 19

Other Threads:
=>0x0000012ff9149410 VMThread "VM Thread"                           [id=14352, stack(0x0000000f9b100000,0x0000000f9b200000) (1024K)]
  0x0000012ff9139a80 WatcherThread "VM Periodic Task Thread"        [id=984, stack(0x0000000f9b000000,0x0000000f9b100000) (1024K)]
  0x0000012fddcf5580 WorkerThread "GC Thread#0"                     [id=2476, stack(0x0000000f9ab00000,0x0000000f9ac00000) (1024K)]
  0x0000012ff9c5ee10 WorkerThread "GC Thread#1"                     [id=16252, stack(0x0000000f9bd00000,0x0000000f9be00000) (1024K)]
  0x0000012ff9b59b60 WorkerThread "GC Thread#2"                     [id=3104, stack(0x0000000f9be00000,0x0000000f9bf00000) (1024K)]
  0x0000012ff9ba3bb0 WorkerThread "GC Thread#3"                     [id=68, stack(0x0000000f9bf00000,0x0000000f9c000000) (1024K)]
  0x0000012ff9c399b0 WorkerThread "GC Thread#4"                     [id=11360, stack(0x0000000f9c000000,0x0000000f9c100000) (1024K)]
  0x0000012ffe3a1e00 WorkerThread "GC Thread#5"                     [id=12712, stack(0x0000000f9c400000,0x0000000f9c500000) (1024K)]
  0x0000012ffe6dbfd0 WorkerThread "GC Thread#6"                     [id=16152, stack(0x0000000f9c500000,0x0000000f9c600000) (1024K)]
  0x0000012ffe61f980 WorkerThread "GC Thread#7"                     [id=15228, stack(0x0000000f9c600000,0x0000000f9c700000) (1024K)]
  0x0000012fddcfdf60 ConcurrentGCThread "G1 Main Marker"            [id=14616, stack(0x0000000f9ac00000,0x0000000f9ad00000) (1024K)]
  0x0000012fddcfea60 WorkerThread "G1 Conc#0"                       [id=4916, stack(0x0000000f9ad00000,0x0000000f9ae00000) (1024K)]
  0x0000012ffe61f240 WorkerThread "G1 Conc#1"                       [id=6124, stack(0x0000000f9c700000,0x0000000f9c800000) (1024K)]
  0x0000012fddd68090 ConcurrentGCThread "G1 Refine#0"               [id=3832, stack(0x0000000f9ae00000,0x0000000f9af00000) (1024K)]
  0x0000012fddd68c00 ConcurrentGCThread "G1 Service"                [id=14256, stack(0x0000000f9af00000,0x0000000f9b000000) (1024K)]
Total: 15

Threads with active compile tasks:
C2 CompilerThread0    27458 7963   !   4       org.antlr.v4.runtime.atn.ATNSimulator::getCachedContext (43 bytes)
Total: 1

VM state: at safepoint (normal execution)

VM Mutex/Monitor currently owned by a thread:  ([mutex/lock_event])
[0x00007ffebb5ede50] Threads_lock - owner thread: 0x0000012ff9149410
[0x00007ffebb5edf50] Heap_lock - owner thread: 0x0000012ffe09eba0

Heap address: 0x00000000c3000000, size: 976 MB, Compressed Oops mode: 32-bit

CDS archive(s) mapped at: [0x0000012f80000000-0x0000012f80c90000-0x0000012f80c90000), size 13172736, SharedBaseAddress: 0x0000012f80000000, ArchiveRelocationMode: 1.
Compressed class space mapped at: 0x0000012f81000000-0x0000012fc1000000, reserved size: 1073741824
Narrow klass base: 0x0000012f80000000, Narrow klass shift: 0, Narrow klass range: 0x100000000

GC Precious Log:
 CardTable entry size: 512
 Card Set container configuration: InlinePtr #cards 5 size 8 Array Of Cards #cards 12 size 40 Howl #buckets 4 coarsen threshold 1843 Howl Bitmap #cards 512 size 80 coarsen threshold 460 Card regions per heap region 1 cards per card region 2048
 CPUs: 8 total, 8 available
 Memory: 3899M
 Large Page Support: Disabled
 NUMA Support: Disabled
 Compressed Oops: Enabled (32-bit)
 Heap Region Size: 1M
 Heap Min Capacity: 8M
 Heap Initial Capacity: 62M
 Heap Max Capacity: 976M
 Pre-touch: Disabled
 Parallel Workers: 8
 Concurrent Workers: 2
 Concurrent Refinement Workers: 8
 Periodic GC: Disabled

Heap:
 garbage-first heap   total 78848K, used 63733K [0x00000000c3000000, 0x0000000100000000)
  region size 1024K, 2 young (2048K), 2 survivors (2048K)
 Metaspace       used 71604K, committed 72320K, reserved 1114112K
  class space    used 9758K, committed 10112K, reserved 1048576K

Heap Regions: E=young(eden), S=young(survivor), O=old, HS=humongous(starts), HC=humongous(continues), CS=collection set, F=free, TAMS=top-at-mark-start, PB=parsable bottom
|   0|0x00000000c3000000, 0x00000000c3100000, 0x00000000c3100000|100%|HS|  |TAMS 0x00000000c3100000| PB 0x00000000c3000000| Complete 
|   1|0x00000000c3100000, 0x00000000c3200000, 0x00000000c3200000|100%|HS|  |TAMS 0x00000000c3200000| PB 0x00000000c3100000| Complete 
|   2|0x00000000c3200000, 0x00000000c3300000, 0x00000000c3300000|100%| O|  |TAMS 0x00000000c3300000| PB 0x00000000c3200000| Untracked 
|   3|0x00000000c3300000, 0x00000000c3400000, 0x00000000c3400000|100%| O|  |TAMS 0x00000000c3400000| PB 0x00000000c3300000| Untracked 
|   4|0x00000000c3400000, 0x00000000c3500000, 0x00000000c3500000|100%| O|  |TAMS 0x00000000c3500000| PB 0x00000000c3400000| Untracked 
|   5|0x00000000c3500000, 0x00000000c3600000, 0x00000000c3600000|100%| O|  |TAMS 0x00000000c3600000| PB 0x00000000c3500000| Untracked 
|   6|0x00000000c3600000, 0x00000000c3700000, 0x00000000c3700000|100%| O|  |TAMS 0x00000000c3700000| PB 0x00000000c3600000| Untracked 
|   7|0x00000000c3700000, 0x00000000c3800000, 0x00000000c3800000|100%| O|  |TAMS 0x00000000c3800000| PB 0x00000000c3700000| Untracked 
|   8|0x00000000c3800000, 0x00000000c3900000, 0x00000000c3900000|100%| O|  |TAMS 0x00000000c3900000| PB 0x00000000c3800000| Untracked 
|   9|0x00000000c3900000, 0x00000000c3a00000, 0x00000000c3a00000|100%| O|  |TAMS 0x00000000c3a00000| PB 0x00000000c3900000| Untracked 
|  10|0x00000000c3a00000, 0x00000000c3b00000, 0x00000000c3b00000|100%| O|  |TAMS 0x00000000c3b00000| PB 0x00000000c3a00000| Untracked 
|  11|0x00000000c3b00000, 0x00000000c3c00000, 0x00000000c3c00000|100%| O|  |TAMS 0x00000000c3c00000| PB 0x00000000c3b00000| Untracked 
|  12|0x00000000c3c00000, 0x00000000c3d00000, 0x00000000c3d00000|100%| O|  |TAMS 0x00000000c3d00000| PB 0x00000000c3c00000| Untracked 
|  13|0x00000000c3d00000, 0x00000000c3e00000, 0x00000000c3e00000|100%| O|  |TAMS 0x00000000c3e00000| PB 0x00000000c3d00000| Untracked 
|  14|0x00000000c3e00000, 0x00000000c3f00000, 0x00000000c3f00000|100%| O|  |TAMS 0x00000000c3f00000| PB 0x00000000c3e00000| Untracked 
|  15|0x00000000c3f00000, 0x00000000c4000000, 0x00000000c4000000|100%| O|  |TAMS 0x00000000c4000000| PB 0x00000000c3f00000| Untracked 
|  16|0x00000000c4000000, 0x00000000c4100000, 0x00000000c4100000|100%| O|  |TAMS 0x00000000c4100000| PB 0x00000000c4000000| Untracked 
|  17|0x00000000c4100000, 0x00000000c4200000, 0x00000000c4200000|100%| O|  |TAMS 0x00000000c4200000| PB 0x00000000c4100000| Untracked 
|  18|0x00000000c4200000, 0x00000000c4300000, 0x00000000c4300000|100%| O|  |TAMS 0x00000000c4300000| PB 0x00000000c4200000| Untracked 
|  19|0x00000000c4300000, 0x00000000c4400000, 0x00000000c4400000|100%| O|  |TAMS 0x00000000c4400000| PB 0x00000000c4300000| Untracked 
|  20|0x00000000c4400000, 0x00000000c4500000, 0x00000000c4500000|100%| O|  |TAMS 0x00000000c4500000| PB 0x00000000c4400000| Untracked 
|  21|0x00000000c4500000, 0x00000000c4600000, 0x00000000c4600000|100%| O|  |TAMS 0x00000000c4600000| PB 0x00000000c4500000| Untracked 
|  22|0x00000000c4600000, 0x00000000c4700000, 0x00000000c4700000|100%| O|  |TAMS 0x00000000c4700000| PB 0x00000000c4600000| Untracked 
|  23|0x00000000c4700000, 0x00000000c4800000, 0x00000000c4800000|100%| O|  |TAMS 0x00000000c4800000| PB 0x00000000c4700000| Untracked 
|  24|0x00000000c4800000, 0x00000000c4900000, 0x00000000c4900000|100%| O|  |TAMS 0x00000000c4900000| PB 0x00000000c4800000| Untracked 
|  25|0x00000000c4900000, 0x00000000c4a00000, 0x00000000c4a00000|100%| O|  |TAMS 0x00000000c4a00000| PB 0x00000000c4900000| Untracked 
|  26|0x00000000c4a00000, 0x00000000c4b00000, 0x00000000c4b00000|100%| O|  |TAMS 0x00000000c4b00000| PB 0x00000000c4a00000| Untracked 
|  27|0x00000000c4b00000, 0x00000000c4c00000, 0x00000000c4c00000|100%| O|  |TAMS 0x00000000c4c00000| PB 0x00000000c4b00000| Untracked 
|  28|0x00000000c4c00000, 0x00000000c4d00000, 0x00000000c4d00000|100%| O|  |TAMS 0x00000000c4d00000| PB 0x00000000c4c00000| Untracked 
|  29|0x00000000c4d00000, 0x00000000c4e00000, 0x00000000c4e00000|100%| O|  |TAMS 0x00000000c4d00000| PB 0x00000000c4d00000| Untracked 
|  30|0x00000000c4e00000, 0x00000000c4f00000, 0x00000000c4f00000|100%| O|  |TAMS 0x00000000c4f00000| PB 0x00000000c4e00000| Untracked 
|  31|0x00000000c4f00000, 0x00000000c5000000, 0x00000000c5000000|100%| O|  |TAMS 0x00000000c5000000| PB 0x00000000c4f00000| Untracked 
|  32|0x00000000c5000000, 0x00000000c5100000, 0x00000000c5100000|100%| O|  |TAMS 0x00000000c5100000| PB 0x00000000c5000000| Untracked 
|  33|0x00000000c5100000, 0x00000000c5200000, 0x00000000c5200000|100%| O|  |TAMS 0x00000000c5200000| PB 0x00000000c5100000| Untracked 
|  34|0x00000000c5200000, 0x00000000c5300000, 0x00000000c5300000|100%| O|  |TAMS 0x00000000c5300000| PB 0x00000000c5200000| Untracked 
|  35|0x00000000c5300000, 0x00000000c5400000, 0x00000000c5400000|100%| O|  |TAMS 0x00000000c5400000| PB 0x00000000c5300000| Untracked 
|  36|0x00000000c5400000, 0x00000000c5500000, 0x00000000c5500000|100%| O|  |TAMS 0x00000000c5500000| PB 0x00000000c5400000| Untracked 
|  37|0x00000000c5500000, 0x00000000c5600000, 0x00000000c5600000|100%| O|  |TAMS 0x00000000c5600000| PB 0x00000000c5500000| Untracked 
|  38|0x00000000c5600000, 0x00000000c5700000, 0x00000000c5700000|100%| O|  |TAMS 0x00000000c5700000| PB 0x00000000c5600000| Untracked 
|  39|0x00000000c5700000, 0x00000000c5800000, 0x00000000c5800000|100%| O|  |TAMS 0x00000000c5800000| PB 0x00000000c5700000| Untracked 
|  40|0x00000000c5800000, 0x00000000c5900000, 0x00000000c5900000|100%| O|  |TAMS 0x00000000c5900000| PB 0x00000000c5800000| Untracked 
|  41|0x00000000c5900000, 0x00000000c5a00000, 0x00000000c5a00000|100%| O|  |TAMS 0x00000000c5a00000| PB 0x00000000c5900000| Untracked 
|  42|0x00000000c5a00000, 0x00000000c5b00000, 0x00000000c5b00000|100%| O|  |TAMS 0x00000000c5b00000| PB 0x00000000c5a00000| Untracked 
|  43|0x00000000c5b00000, 0x00000000c5c00000, 0x00000000c5c00000|100%| O|  |TAMS 0x00000000c5c00000| PB 0x00000000c5b00000| Untracked 
|  44|0x00000000c5c00000, 0x00000000c5d00000, 0x00000000c5d00000|100%| O|  |TAMS 0x00000000c5d00000| PB 0x00000000c5c00000| Untracked 
|  45|0x00000000c5d00000, 0x00000000c5e00000, 0x00000000c5e00000|100%| O|  |TAMS 0x00000000c5e00000| PB 0x00000000c5d00000| Untracked 
|  46|0x00000000c5e00000, 0x00000000c5f00000, 0x00000000c5f00000|100%| O|  |TAMS 0x00000000c5f00000| PB 0x00000000c5e00000| Untracked 
|  47|0x00000000c5f00000, 0x00000000c6000000, 0x00000000c6000000|100%| O|  |TAMS 0x00000000c6000000| PB 0x00000000c5f00000| Untracked 
|  48|0x00000000c6000000, 0x00000000c6100000, 0x00000000c6100000|100%| O|  |TAMS 0x00000000c60a9260| PB 0x00000000c6000000| Untracked 
|  49|0x00000000c6100000, 0x00000000c6200000, 0x00000000c6200000|100%| O|  |TAMS 0x00000000c6100000| PB 0x00000000c6100000| Untracked 
|  50|0x00000000c6200000, 0x00000000c6300000, 0x00000000c6300000|100%| O|  |TAMS 0x00000000c6200000| PB 0x00000000c6200000| Untracked 
|  51|0x00000000c6300000, 0x00000000c6400000, 0x00000000c6400000|100%| O|  |TAMS 0x00000000c6300000| PB 0x00000000c6300000| Untracked 
|  52|0x00000000c6400000, 0x00000000c6500000, 0x00000000c6500000|100%| O|  |TAMS 0x00000000c6400000| PB 0x00000000c6400000| Untracked 
|  53|0x00000000c6500000, 0x00000000c6600000, 0x00000000c6600000|100%| O|  |TAMS 0x00000000c6500000| PB 0x00000000c6500000| Untracked 
|  54|0x00000000c6600000, 0x00000000c6700000, 0x00000000c6700000|100%| O|  |TAMS 0x00000000c6600000| PB 0x00000000c6600000| Untracked 
|  55|0x00000000c6700000, 0x00000000c6800000, 0x00000000c6800000|100%| O|  |TAMS 0x00000000c6700000| PB 0x00000000c6700000| Untracked 
|  56|0x00000000c6800000, 0x00000000c6900000, 0x00000000c6900000|100%| O|  |TAMS 0x00000000c6800000| PB 0x00000000c6800000| Untracked 
|  57|0x00000000c6900000, 0x00000000c6a00000, 0x00000000c6a00000|100%| O|  |TAMS 0x00000000c6900000| PB 0x00000000c6900000| Untracked 
|  58|0x00000000c6a00000, 0x00000000c6a00000, 0x00000000c6b00000|  0%| F|  |TAMS 0x00000000c6a00000| PB 0x00000000c6a00000| Untracked 
|  59|0x00000000c6b00000, 0x00000000c6b00000, 0x00000000c6c00000|  0%| F|  |TAMS 0x00000000c6b00000| PB 0x00000000c6b00000| Untracked 
|  60|0x00000000c6c00000, 0x00000000c6c00000, 0x00000000c6d00000|  0%| F|  |TAMS 0x00000000c6c00000| PB 0x00000000c6c00000| Untracked 
|  61|0x00000000c6d00000, 0x00000000c6e00000, 0x00000000c6e00000|100%| O|  |TAMS 0x00000000c6d00000| PB 0x00000000c6d00000| Untracked 
|  62|0x00000000c6e00000, 0x00000000c6e3d788, 0x00000000c6f00000| 24%| O|  |TAMS 0x00000000c6e00000| PB 0x00000000c6e00000| Untracked 
|  63|0x00000000c6f00000, 0x00000000c7000000, 0x00000000c7000000|100%| S|CS|TAMS 0x00000000c6f00000| PB 0x00000000c6f00000| Complete 
|  64|0x00000000c7000000, 0x00000000c7100000, 0x00000000c7100000|100%| S|CS|TAMS 0x00000000c7000000| PB 0x00000000c7000000| Complete 
|  65|0x00000000c7100000, 0x00000000c7100000, 0x00000000c7200000|  0%| F|  |TAMS 0x00000000c7100000| PB 0x00000000c7100000| Untracked 
|  66|0x00000000c7200000, 0x00000000c7200000, 0x00000000c7300000|  0%| F|  |TAMS 0x00000000c7200000| PB 0x00000000c7200000| Untracked 
|  67|0x00000000c7300000, 0x00000000c7300000, 0x00000000c7400000|  0%| F|  |TAMS 0x00000000c7300000| PB 0x00000000c7300000| Untracked 
|  68|0x00000000c7400000, 0x00000000c7400000, 0x00000000c7500000|  0%| F|  |TAMS 0x00000000c7400000| PB 0x00000000c7400000| Untracked 
|  69|0x00000000c7500000, 0x00000000c7500000, 0x00000000c7600000|  0%| F|  |TAMS 0x00000000c7500000| PB 0x00000000c7500000| Untracked 
|  70|0x00000000c7600000, 0x00000000c7600000, 0x00000000c7700000|  0%| F|  |TAMS 0x00000000c7600000| PB 0x00000000c7600000| Untracked 
|  71|0x00000000c7700000, 0x00000000c7700000, 0x00000000c7800000|  0%| F|  |TAMS 0x00000000c7700000| PB 0x00000000c7700000| Untracked 
|  72|0x00000000c7800000, 0x00000000c7800000, 0x00000000c7900000|  0%| F|  |TAMS 0x00000000c7800000| PB 0x00000000c7800000| Untracked 
|  73|0x00000000c7900000, 0x00000000c7900000, 0x00000000c7a00000|  0%| F|  |TAMS 0x00000000c7900000| PB 0x00000000c7900000| Untracked 
|  74|0x00000000c7a00000, 0x00000000c7a00000, 0x00000000c7b00000|  0%| F|  |TAMS 0x00000000c7a00000| PB 0x00000000c7a00000| Untracked 
|  75|0x00000000c7b00000, 0x00000000c7b00000, 0x00000000c7c00000|  0%| F|  |TAMS 0x00000000c7b00000| PB 0x00000000c7b00000| Untracked 
| 975|0x00000000fff00000, 0x0000000100000000, 0x0000000100000000|100%| O|  |TAMS 0x0000000100000000| PB 0x00000000fff00000| Untracked 

Card table byte_map: [0x0000012ff5660000,0x0000012ff5850000] _byte_map_base: 0x0000012ff5048000

Marking Bits: (CMBitMap*) 0x0000012fddcf5c80
 Bits: [0x0000012ff5850000, 0x0000012ff6790000)

Polling page: 0x0000012fdbbe0000

Metaspace:

Usage:
  Non-class:     60.40 MB used.
      Class:      9.53 MB used.
       Both:     69.93 MB used.

Virtual space:
  Non-class space:       64.00 MB reserved,      60.75 MB ( 95%) committed,  1 nodes.
      Class space:        1.00 GB reserved,       9.88 MB ( <1%) committed,  1 nodes.
             Both:        1.06 GB reserved,      70.62 MB (  6%) committed. 

Chunk freelists:
   Non-Class:  3.04 MB
       Class:  6.10 MB
        Both:  9.13 MB

MaxMetaspaceSize: unlimited
CompressedClassSpaceSize: 1.00 GB
Initial GC threshold: 21.00 MB
Current GC threshold: 117.44 MB
CDS: on
 - commit_granule_bytes: 65536.
 - commit_granule_words: 8192.
 - virtual_space_node_default_size: 8388608.
 - enlarge_chunks_in_place: 1.
 - use_allocation_guard: 0.


Internal statistics:

num_allocs_failed_limit: 8.
num_arena_births: 934.
num_arena_deaths: 0.
num_vsnodes_births: 2.
num_vsnodes_deaths: 0.
num_space_committed: 1130.
num_space_uncommitted: 0.
num_chunks_returned_to_freelist: 8.
num_chunks_taken_from_freelist: 3590.
num_chunk_merges: 8.
num_chunk_splits: 2593.
num_chunks_enlarged: 2020.
num_inconsistent_stats: 0.

CodeHeap 'non-profiled nmethods': size=120000Kb used=3530Kb max_used=3579Kb free=116469Kb
 bounds [0x0000012fedc10000, 0x0000012fedf90000, 0x0000012ff5140000]
CodeHeap 'profiled nmethods': size=120000Kb used=12221Kb max_used=12700Kb free=107778Kb
 bounds [0x0000012fe6140000, 0x0000012fe6db0000, 0x0000012fed670000]
CodeHeap 'non-nmethods': size=5760Kb used=1695Kb max_used=1752Kb free=4064Kb
 bounds [0x0000012fed670000, 0x0000012fed8e0000, 0x0000012fedc10000]
 total_blobs=7578 nmethods=6855 adapters=626
 compilation: enabled
              stopped_count=0, restarted_count=0
 full_count=0

Compilation events (20 events):
Event: 27.200 Thread 0x0000012ff916d540 nmethod 7967 0x0000012fedf18890 code [0x0000012fedf18a80, 0x0000012fedf19140]
Event: 27.200 Thread 0x0000012ff916d540 7971       4       java.util.IdentityHashMap::put (137 bytes)
Event: 27.213 Thread 0x0000012ff916d540 nmethod 7971 0x0000012fededbf10 code [0x0000012fededc0c0, 0x0000012fededc5a0]
Event: 27.213 Thread 0x0000012ff916d540 7962       4       java.util.IdentityHashMap::get (60 bytes)
Event: 27.219 Thread 0x0000012ff916d540 nmethod 7962 0x0000012fedf4a410 code [0x0000012fedf4a5c0, 0x0000012fedf4a820]
Event: 27.219 Thread 0x0000012ff916d540 7828       4       org.antlr.v4.runtime.atn.AtomTransition::matches (14 bytes)
Event: 27.220 Thread 0x0000012ff916d540 nmethod 7828 0x0000012fedf18310 code [0x0000012fedf184a0, 0x0000012fedf18540]
Event: 27.220 Thread 0x0000012ff916d540 7839       4       java.util.BitSet::checkInvariants (111 bytes)
Event: 27.220 Thread 0x0000012ff916d540 nmethod 7839 0x0000012fedf4a110 code [0x0000012fedf4a2a0, 0x0000012fedf4a328]
Event: 27.220 Thread 0x0000012ff916d540 7859       4       java.util.BitSet::set (58 bytes)
Event: 27.223 Thread 0x0000012ff916d540 nmethod 7859 0x0000012fedf49c90 code [0x0000012fedf49e20, 0x0000012fedf49f90]
Event: 27.223 Thread 0x0000012ff916d540 7955       4       java.util.BitSet::ensureCapacity (39 bytes)
Event: 27.225 Thread 0x0000012ff916d540 nmethod 7955 0x0000012fedf49990 code [0x0000012fedf49b20, 0x0000012fedf49be8]
Event: 27.225 Thread 0x0000012ff916d540 7965       4       org.antlr.v4.runtime.atn.PredictionContext::isEmpty (13 bytes)
Event: 27.225 Thread 0x0000012ff916d540 nmethod 7965 0x0000012fedf49690 code [0x0000012fedf49820, 0x0000012fedf498d0]
Event: 27.225 Thread 0x0000012ff916d540 7851       4       java.util.LinkedList::linkLast (59 bytes)
Event: 27.233 Thread 0x0000012ff916d540 nmethod 7851 0x0000012fedf5ce90 code [0x0000012fedf5d020, 0x0000012fedf5d418]
Event: 27.233 Thread 0x0000012ff916d540 7700       4       java.util.stream.Sink$ChainedReference::cancellationRequested (10 bytes)
Event: 27.234 Thread 0x0000012ff916d540 nmethod 7700 0x0000012fedf49310 code [0x0000012fedf494a0, 0x0000012fedf49550]
Event: 27.234 Thread 0x0000012ff916d540 7963   !   4       org.antlr.v4.runtime.atn.ATNSimulator::getCachedContext (43 bytes)

GC Heap History (20 events):
Event: 20.874 GC heap after
{Heap after GC invocations=14 (full 0):
 garbage-first heap   total 61440K, used 29775K [0x00000000c3000000, 0x0000000100000000)
  region size 1024K, 2 young (2048K), 2 survivors (2048K)
 Metaspace       used 57942K, committed 58624K, reserved 1114112K
  class space    used 7664K, committed 8000K, reserved 1048576K
}
Event: 23.286 GC heap before
{Heap before GC invocations=15 (full 0):
 garbage-first heap   total 61440K, used 54351K [0x00000000c3000000, 0x0000000100000000)
  region size 1024K, 27 young (27648K), 2 survivors (2048K)
 Metaspace       used 63599K, committed 64320K, reserved 1114112K
  class space    used 8410K, committed 8704K, reserved 1048576K
}
Event: 23.290 GC heap after
{Heap after GC invocations=16 (full 0):
 garbage-first heap   total 61440K, used 31920K [0x00000000c3000000, 0x0000000100000000)
  region size 1024K, 4 young (4096K), 4 survivors (4096K)
 Metaspace       used 63599K, committed 64320K, reserved 1114112K
  class space    used 8410K, committed 8704K, reserved 1048576K
}
Event: 24.167 GC heap before
{Heap before GC invocations=16 (full 0):
 garbage-first heap   total 61440K, used 52400K [0x00000000c3000000, 0x0000000100000000)
  region size 1024K, 25 young (25600K), 4 survivors (4096K)
 Metaspace       used 67468K, committed 68160K, reserved 1114112K
  class space    used 9104K, committed 9408K, reserved 1048576K
}
Event: 24.178 GC heap after
{Heap after GC invocations=17 (full 0):
 garbage-first heap   total 61440K, used 33718K [0x00000000c3000000, 0x0000000100000000)
  region size 1024K, 3 young (3072K), 3 survivors (3072K)
 Metaspace       used 67468K, committed 68160K, reserved 1114112K
  class space    used 9104K, committed 9408K, reserved 1048576K
}
Event: 24.919 GC heap before
{Heap before GC invocations=17 (full 0):
 garbage-first heap   total 61440K, used 53174K [0x00000000c3000000, 0x0000000100000000)
  region size 1024K, 23 young (23552K), 3 survivors (3072K)
 Metaspace       used 69218K, committed 69888K, reserved 1114112K
  class space    used 9469K, committed 9728K, reserved 1048576K
}
Event: 24.925 GC heap after
{Heap after GC invocations=18 (full 0):
 garbage-first heap   total 61440K, used 35198K [0x00000000c3000000, 0x0000000100000000)
  region size 1024K, 2 young (2048K), 2 survivors (2048K)
 Metaspace       used 69218K, committed 69888K, reserved 1114112K
  class space    used 9469K, committed 9728K, reserved 1048576K
}
Event: 25.694 GC heap before
{Heap before GC invocations=19 (full 0):
 garbage-first heap   total 71680K, used 53630K [0x00000000c3000000, 0x0000000100000000)
  region size 1024K, 21 young (21504K), 2 survivors (2048K)
 Metaspace       used 71033K, committed 71808K, reserved 1114112K
  class space    used 9696K, committed 10048K, reserved 1048576K
}
Event: 25.698 GC heap after
{Heap after GC invocations=20 (full 0):
 garbage-first heap   total 71680K, used 35727K [0x00000000c3000000, 0x0000000100000000)
  region size 1024K, 2 young (2048K), 2 survivors (2048K)
 Metaspace       used 71033K, committed 71808K, reserved 1114112K
  class space    used 9696K, committed 10048K, reserved 1048576K
}
Event: 26.061 GC heap before
{Heap before GC invocations=20 (full 0):
 garbage-first heap   total 71680K, used 65423K [0x00000000c3000000, 0x0000000100000000)
  region size 1024K, 31 young (31744K), 2 survivors (2048K)
 Metaspace       used 71320K, committed 72000K, reserved 1114112K
  class space    used 9725K, committed 10048K, reserved 1048576K
}
Event: 26.071 GC heap after
{Heap after GC invocations=21 (full 0):
 garbage-first heap   total 72704K, used 39235K [0x00000000c3000000, 0x0000000100000000)
  region size 1024K, 4 young (4096K), 4 survivors (4096K)
 Metaspace       used 71320K, committed 72000K, reserved 1114112K
  class space    used 9725K, committed 10048K, reserved 1048576K
}
Event: 26.245 GC heap before
{Heap before GC invocations=21 (full 0):
 garbage-first heap   total 72704K, used 62787K [0x00000000c3000000, 0x0000000100000000)
  region size 1024K, 27 young (27648K), 4 survivors (4096K)
 Metaspace       used 71331K, committed 72000K, reserved 1114112K
  class space    used 9725K, committed 10048K, reserved 1048576K
}
Event: 26.256 GC heap after
{Heap after GC invocations=22 (full 0):
 garbage-first heap   total 72704K, used 41729K [0x00000000c3000000, 0x0000000100000000)
  region size 1024K, 3 young (3072K), 3 survivors (3072K)
 Metaspace       used 71331K, committed 72000K, reserved 1114112K
  class space    used 9725K, committed 10048K, reserved 1048576K
}
Event: 26.806 GC heap before
{Heap before GC invocations=23 (full 0):
 garbage-first heap   total 78848K, used 63233K [0x00000000c3000000, 0x0000000100000000)
  region size 1024K, 24 young (24576K), 3 survivors (3072K)
 Metaspace       used 71593K, committed 72320K, reserved 1114112K
  class space    used 9758K, committed 10112K, reserved 1048576K
}
Event: 26.817 GC heap after
{Heap after GC invocations=24 (full 0):
 garbage-first heap   total 78848K, used 47861K [0x00000000c3000000, 0x0000000100000000)
  region size 1024K, 3 young (3072K), 3 survivors (3072K)
 Metaspace       used 71593K, committed 72320K, reserved 1114112K
  class space    used 9758K, committed 10112K, reserved 1048576K
}
Event: 27.032 GC heap before
{Heap before GC invocations=24 (full 0):
 garbage-first heap   total 78848K, used 68341K [0x00000000c3000000, 0x0000000100000000)
  region size 1024K, 23 young (23552K), 3 survivors (3072K)
 Metaspace       used 71604K, committed 72320K, reserved 1114112K
  class space    used 9758K, committed 10112K, reserved 1048576K
}
Event: 27.044 GC heap after
{Heap after GC invocations=25 (full 0):
 garbage-first heap   total 78848K, used 52900K [0x00000000c3000000, 0x0000000100000000)
  region size 1024K, 3 young (3072K), 3 survivors (3072K)
 Metaspace       used 71604K, committed 72320K, reserved 1114112K
  class space    used 9758K, committed 10112K, reserved 1048576K
}
Event: 27.133 GC heap before
{Heap before GC invocations=25 (full 0):
 garbage-first heap   total 78848K, used 68260K [0x00000000c3000000, 0x0000000100000000)
  region size 1024K, 18 young (18432K), 3 survivors (3072K)
 Metaspace       used 71604K, committed 72320K, reserved 1114112K
  class space    used 9758K, committed 10112K, reserved 1048576K
}
Event: 27.142 GC heap after
{Heap after GC invocations=26 (full 0):
 garbage-first heap   total 78848K, used 58235K [0x00000000c3000000, 0x0000000100000000)
  region size 1024K, 3 young (3072K), 3 survivors (3072K)
 Metaspace       used 71604K, committed 72320K, reserved 1114112K
  class space    used 9758K, committed 10112K, reserved 1048576K
}
Event: 27.235 GC heap before
{Heap before GC invocations=26 (full 0):
 garbage-first heap   total 78848K, used 69499K [0x00000000c3000000, 0x0000000100000000)
  region size 1024K, 14 young (14336K), 3 survivors (3072K)
 Metaspace       used 71604K, committed 72320K, reserved 1114112K
  class space    used 9758K, committed 10112K, reserved 1048576K
}

Dll operation events (14 events):
Event: 0.044 Loaded shared library C:\Program Files\Java\jdk-21\bin\java.dll
Event: 0.252 Loaded shared library C:\Program Files\Java\jdk-21\bin\jsvml.dll
Event: 0.788 Loaded shared library C:\Program Files\Java\jdk-21\bin\zip.dll
Event: 0.796 Loaded shared library C:\Program Files\Java\jdk-21\bin\instrument.dll
Event: 0.810 Loaded shared library C:\Program Files\Java\jdk-21\bin\net.dll
Event: 0.814 Loaded shared library C:\Program Files\Java\jdk-21\bin\nio.dll
Event: 0.823 Loaded shared library C:\Program Files\Java\jdk-21\bin\zip.dll
Event: 1.277 Loaded shared library C:\Program Files\JetBrains\IntelliJ IDEA Community Edition 2020.3.3\bin\breakgen64.dll
Event: 1.306 Loaded shared library C:\Program Files\Java\jdk-21\bin\extnet.dll
Event: 1.385 Loaded shared library C:\Program Files\Java\jdk-21\bin\jimage.dll
Event: 2.451 Loaded shared library C:\Program Files\Java\jdk-21\bin\management.dll
Event: 2.466 Loaded shared library C:\Program Files\Java\jdk-21\bin\management_ext.dll
Event: 6.723 Loaded shared library C:\Program Files\Java\jdk-21\bin\sunmscapi.dll
Event: 13.474 Loaded shared library C:\Program Files\Java\jdk-21\bin\verify.dll

Deoptimization events (20 events):
Event: 26.834 Thread 0x0000012ffe09eba0 DEOPT PACKING pc=0x0000012feded54e4 sp=0x0000000f9c2fab00
Event: 26.834 Thread 0x0000012ffe09eba0 DEOPT UNPACKING pc=0x0000012fed6c46a2 sp=0x0000000f9c2faab8 mode 2
Event: 26.936 Thread 0x0000012ffe09eba0 DEOPT PACKING pc=0x0000012fe65919e6 sp=0x0000000f9c2fb6e0
Event: 26.936 Thread 0x0000012ffe09eba0 DEOPT UNPACKING pc=0x0000012fed6c4e42 sp=0x0000000f9c2fac18 mode 0
Event: 26.958 Thread 0x0000012ffe09eba0 Uncommon trap: trap_request=0xffffffbe fr.pc=0x0000012fede160a8 relative=0x0000000000001da8
Event: 26.958 Thread 0x0000012ffe09eba0 Uncommon trap: reason=profile_predicate action=maybe_recompile pc=0x0000012fede160a8 method=org.antlr.v4.runtime.atn.PredictionContext.getCachedContext(Lorg/antlr/v4/runtime/atn/PredictionContext;Lorg/antlr/v4/runtime/atn/PredictionContextCache;Ljava/util
Event: 26.958 Thread 0x0000012ffe09eba0 DEOPT PACKING pc=0x0000012fede160a8 sp=0x0000000f9c2fb220
Event: 26.958 Thread 0x0000012ffe09eba0 DEOPT UNPACKING pc=0x0000012fed6c46a2 sp=0x0000000f9c2fb1d0 mode 2
Event: 26.958 Thread 0x0000012ffe09eba0 Uncommon trap: trap_request=0xffffffbe fr.pc=0x0000012fede160a8 relative=0x0000000000001da8
Event: 26.958 Thread 0x0000012ffe09eba0 Uncommon trap: reason=profile_predicate action=maybe_recompile pc=0x0000012fede160a8 method=org.antlr.v4.runtime.atn.PredictionContext.getCachedContext(Lorg/antlr/v4/runtime/atn/PredictionContext;Lorg/antlr/v4/runtime/atn/PredictionContextCache;Ljava/util
Event: 26.958 Thread 0x0000012ffe09eba0 DEOPT PACKING pc=0x0000012fede160a8 sp=0x0000000f9c2fb190
Event: 26.958 Thread 0x0000012ffe09eba0 DEOPT UNPACKING pc=0x0000012fed6c46a2 sp=0x0000000f9c2fb140 mode 2
Event: 26.958 Thread 0x0000012ffe09eba0 Uncommon trap: trap_request=0xffffffbe fr.pc=0x0000012fede160a8 relative=0x0000000000001da8
Event: 26.958 Thread 0x0000012ffe09eba0 Uncommon trap: reason=profile_predicate action=maybe_recompile pc=0x0000012fede160a8 method=org.antlr.v4.runtime.atn.PredictionContext.getCachedContext(Lorg/antlr/v4/runtime/atn/PredictionContext;Lorg/antlr/v4/runtime/atn/PredictionContextCache;Ljava/util
Event: 26.958 Thread 0x0000012ffe09eba0 DEOPT PACKING pc=0x0000012fede160a8 sp=0x0000000f9c2fb220
Event: 26.958 Thread 0x0000012ffe09eba0 DEOPT UNPACKING pc=0x0000012fed6c46a2 sp=0x0000000f9c2fb1d0 mode 2
Event: 26.975 Thread 0x0000012ffe09eba0 Uncommon trap: trap_request=0xffffff45 fr.pc=0x0000012fedf5ea70 relative=0x0000000000000130
Event: 26.975 Thread 0x0000012ffe09eba0 Uncommon trap: reason=unstable_if action=reinterpret pc=0x0000012fedf5ea70 method=org.antlr.v4.runtime.atn.SingletonPredictionContext.equals(Ljava/lang/Object;)Z @ 11 c2
Event: 26.975 Thread 0x0000012ffe09eba0 DEOPT PACKING pc=0x0000012fedf5ea70 sp=0x0000000f9c2f9c50
Event: 26.975 Thread 0x0000012ffe09eba0 DEOPT UNPACKING pc=0x0000012fed6c46a2 sp=0x0000000f9c2f9be8 mode 2

Classes loaded (20 events):
Event: 25.553 Loading class jdk/internal/reflect/ByteVector done
Event: 25.553 Loading class jdk/internal/reflect/ByteVectorImpl done
Event: 25.554 Loading class jdk/internal/reflect/ClassFileAssembler
Event: 25.554 Loading class jdk/internal/reflect/ClassFileAssembler done
Event: 25.554 Loading class jdk/internal/reflect/UTF8
Event: 25.556 Loading class jdk/internal/reflect/UTF8 done
Event: 25.557 Loading class jdk/internal/reflect/Label
Event: 25.558 Loading class jdk/internal/reflect/Label done
Event: 25.558 Loading class jdk/internal/reflect/Label$PatchInfo
Event: 25.558 Loading class jdk/internal/reflect/Label$PatchInfo done
Event: 25.559 Loading class jdk/internal/reflect/MethodAccessorGenerator$1
Event: 25.559 Loading class jdk/internal/reflect/MethodAccessorGenerator$1 done
Event: 25.559 Loading class jdk/internal/reflect/ClassDefiner
Event: 25.559 Loading class jdk/internal/reflect/ClassDefiner done
Event: 25.559 Loading class jdk/internal/reflect/ClassDefiner$1
Event: 25.559 Loading class jdk/internal/reflect/ClassDefiner$1 done
Event: 25.560 Loading class jdk/internal/reflect/SerializationConstructorAccessorImpl
Event: 25.560 Loading class jdk/internal/reflect/SerializationConstructorAccessorImpl done
Event: 25.628 Loading class sun/reflect/annotation/AnnotationInvocationHandler$1
Event: 25.629 Loading class sun/reflect/annotation/AnnotationInvocationHandler$1 done

Classes unloaded (0 events):
No events

Classes redefined (0 events):
No events

Internal exceptions (20 events):
Event: 21.191 Thread 0x0000012ffe09eba0 Exception <a 'java/lang/NoSuchMethodError'{0x00000000c6ae0490}: 'java.lang.Object java.lang.invoke.DirectMethodHandle$Holder.newInvokeSpecial(java.lang.Object, java.lang.Object, int)'> (0x00000000c6ae0490) 
thrown [s\open\src\hotspot\share\interpreter\linkResolver.cpp, line 773]
Event: 21.337 Thread 0x0000012ffe09eba0 Exception <a 'java/lang/NoSuchMethodError'{0x00000000c6828188}: 'int java.lang.invoke.DirectMethodHandle$Holder.invokeStatic(java.lang.Object, int, java.lang.Object)'> (0x00000000c6828188) 
thrown [s\open\src\hotspot\share\interpreter\linkResolver.cpp, line 773]
Event: 21.342 Thread 0x0000012ffe09eba0 Exception <a 'java/lang/NoSuchMethodError'{0x00000000c6844d18}: 'java.lang.Object java.lang.invoke.DirectMethodHandle$Holder.newInvokeSpecial(java.lang.Object, java.lang.Object, java.lang.Object, java.lang.Object, java.lang.Object, int, java.lang.Object)'> (0x00000000c6844d18) 
thrown [s\open\src\hotspot\share\interpreter\linkResolver.cpp, line 773]
Event: 21.354 Thread 0x0000012ffe09eba0 Exception <a 'java/lang/NoSuchMethodError'{0x00000000c68755d8}: 'java.lang.Object java.lang.invoke.DirectMethodHandle$Holder.newInvokeSpecial(java.lang.Object, java.lang.Object, java.lang.Object, java.lang.Object, java.lang.Object, java.lang.Object, java.lang.Object, java.lang.Object, java.lang.Object, java.lang.Object, java.lang.Object, java.lang.Object)'> (0x00000000c68755d8) 
thrown [s\open\src\hotspot\share\interpreter\linkResolver.cpp, line 773]
Event: 21.356 Thread 0x0000012ffe09eba0 Exception <a 'java/lang/NoSuchMethodError'{0x00000000c687e4e8}: 'java.lang.Object java.lang.invoke.Invokers$Holder.linkToTargetMethod(java.lang.Object, java.lang.Object, java.lang.Object, java.lang.Object, java.lang.Object, java.lang.Object, java.lang.Object, java.lang.Object, java.lang.Object, java.lang.Object, java.lang.Object, java.lang.Object)'> (0x00000000c687e4e8) 
thrown [s\open\src\hotspot\share\interpreter\linkResolver.cpp, line 773]
Event: 21.469 Thread 0x0000012ffe09eba0 Exception <a 'java/lang/IncompatibleClassChangeError'{0x00000000c661c210}: Found class java.lang.Object, but interface was expected> (0x00000000c661c210) 
thrown [s\open\src\hotspot\share\interpreter\linkResolver.cpp, line 840]
Event: 21.516 Thread 0x0000012ffe09eba0 Exception <a 'java/lang/NoSuchMethodError'{0x00000000c66b3e80}: 'java.lang.Object java.lang.invoke.DirectMethodHandle$Holder.newInvokeSpecial(java.lang.Object, java.lang.Object, int, java.lang.Object, int, java.lang.Object, java.lang.Object)'> (0x00000000c66b3e80) 
thrown [s\open\src\hotspot\share\interpreter\linkResolver.cpp, line 773]
Event: 21.543 Thread 0x0000012ffe09eba0 Exception <a 'java/lang/NoSuchMethodError'{0x00000000c653b570}: 'java.lang.Object java.lang.invoke.DirectMethodHandle$Holder.newInvokeSpecial(java.lang.Object, java.lang.Object, java.lang.Object, java.lang.Object, java.lang.Object, java.lang.Object, java.lang.Object, int)'> (0x00000000c653b570) 
thrown [s\open\src\hotspot\share\interpreter\linkResolver.cpp, line 773]
Event: 21.543 Thread 0x0000012ffe09eba0 Exception <a 'java/lang/NoSuchMethodError'{0x00000000c653fae0}: 'java.lang.Object java.lang.invoke.DirectMethodHandle$Holder.invokeSpecial(java.lang.Object, java.lang.Object, java.lang.Object, java.lang.Object, java.lang.Object, java.lang.Object, java.lang.Object, java.lang.Object, int)'> (0x00000000c653fae0) 
thrown [s\open\src\hotspot\share\interpreter\linkResolver.cpp, line 773]
Event: 21.543 Thread 0x0000012ffe09eba0 Exception <a 'java/lang/NoSuchMethodError'{0x00000000c6543b08}: 'java.lang.Object java.lang.invoke.Invokers$Holder.linkToTargetMethod(java.lang.Object, java.lang.Object, java.lang.Object, java.lang.Object, java.lang.Object, java.lang.Object, int, java.lang.Object)'> (0x00000000c6543b08) 
thrown [s\open\src\hotspot\share\interpreter\linkResolver.cpp, line 773]
Event: 21.607 Thread 0x0000012ffe09eba0 Exception <a 'java/lang/NoSuchMethodError'{0x00000000c645c508}: 'void java.lang.invoke.DirectMethodHandle$Holder.invokeInterface(java.lang.Object, java.lang.Object)'> (0x00000000c645c508) 
thrown [s\open\src\hotspot\share\interpreter\linkResolver.cpp, line 773]
Event: 22.609 Thread 0x0000012ffe09eba0 Exception <a 'java/lang/NoSuchMethodError'{0x00000000c5e107f0}: 'java.lang.Object java.lang.invoke.DirectMethodHandle$Holder.invokeSpecial(java.lang.Object, java.lang.Object, int, java.lang.Object, int)'> (0x00000000c5e107f0) 
thrown [s\open\src\hotspot\share\interpreter\linkResolver.cpp, line 773]
Event: 22.880 Thread 0x0000012ffe09eba0 Implicit null exception at 0x0000012fedd00a17 to 0x0000012fedd00c90
Event: 22.973 Thread 0x0000012ffe09eba0 Exception <a 'java/lang/IncompatibleClassChangeError'{0x00000000c582e390}: Found class java.lang.Object, but interface was expected> (0x00000000c582e390) 
thrown [s\open\src\hotspot\share\interpreter\linkResolver.cpp, line 840]
Event: 23.079 Thread 0x0000012ffe09eba0 Exception <a 'java/lang/IncompatibleClassChangeError'{0x00000000c57af560}: Found class java.lang.Object, but interface was expected> (0x00000000c57af560) 
thrown [s\open\src\hotspot\share\interpreter\linkResolver.cpp, line 840]
Event: 23.392 Thread 0x0000012ffe09eba0 Exception <a 'java/lang/IncompatibleClassChangeError'{0x00000000c695e490}: Found class java.lang.Object, but interface was expected> (0x00000000c695e490) 
thrown [s\open\src\hotspot\share\interpreter\linkResolver.cpp, line 840]
Event: 23.543 Thread 0x0000012ffe09eba0 Exception <a 'java/lang/IncompatibleClassChangeError'{0x00000000c67fcfd8}: Found class java.lang.Object, but interface was expected> (0x00000000c67fcfd8) 
thrown [s\open\src\hotspot\share\interpreter\linkResolver.cpp, line 840]
Event: 23.544 Thread 0x0000012ffe09eba0 Exception <a 'java/lang/IncompatibleClassChangeError'{0x00000000c6602798}: Found class java.lang.Object, but interface was expected> (0x00000000c6602798) 
thrown [s\open\src\hotspot\share\interpreter\linkResolver.cpp, line 840]
Event: 23.667 Thread 0x0000012ffe09eba0 Exception <a 'java/lang/NoSuchMethodError'{0x00000000c64948c8}: 'void java.lang.invoke.Invokers$Holder.invokeExact_MT(java.lang.Object, java.lang.Object, java.lang.Object, java.lang.Object)'> (0x00000000c64948c8) 
thrown [s\open\src\hotspot\share\interpreter\linkResolver.cpp, line 773]
Event: 25.485 Thread 0x0000012ffe09eba0 Exception <a 'java/lang/NoSuchMethodError'{0x00000000c6cb37c0}: 'int java.lang.invoke.DirectMethodHandle$Holder.invokeStaticInit(java.lang.Object, int, java.lang.Object, java.lang.Object, java.lang.Object, java.lang.Object)'> (0x00000000c6cb37c0) 
thrown [s\open\src\hotspot\share\interpreter\linkResolver.cpp, line 773]

ZGC Phase Switch (0 events):
No events

VM Operations (20 events):
Event: 25.018 Executing VM operation: G1PauseRemark done
Event: 25.058 Executing VM operation: G1PauseCleanup
Event: 25.058 Executing VM operation: G1PauseCleanup done
Event: 25.694 Executing VM operation: G1CollectForAllocation (G1 Evacuation Pause)
Event: 25.698 Executing VM operation: G1CollectForAllocation (G1 Evacuation Pause) done
Event: 26.061 Executing VM operation: G1CollectForAllocation (G1 Evacuation Pause)
Event: 26.071 Executing VM operation: G1CollectForAllocation (G1 Evacuation Pause) done
Event: 26.245 Executing VM operation: G1CollectForAllocation (G1 Evacuation Pause)
Event: 26.256 Executing VM operation: G1CollectForAllocation (G1 Evacuation Pause) done
Event: 26.351 Executing VM operation: G1PauseRemark
Event: 26.359 Executing VM operation: G1PauseRemark done
Event: 26.407 Executing VM operation: G1PauseCleanup
Event: 26.407 Executing VM operation: G1PauseCleanup done
Event: 26.806 Executing VM operation: G1CollectForAllocation (G1 Evacuation Pause)
Event: 26.817 Executing VM operation: G1CollectForAllocation (G1 Evacuation Pause) done
Event: 27.032 Executing VM operation: G1CollectForAllocation (G1 Evacuation Pause)
Event: 27.044 Executing VM operation: G1CollectForAllocation (G1 Evacuation Pause) done
Event: 27.133 Executing VM operation: G1CollectForAllocation (G1 Evacuation Pause)
Event: 27.142 Executing VM operation: G1CollectForAllocation (G1 Evacuation Pause) done
Event: 27.234 Executing VM operation: G1CollectForAllocation (G1 Evacuation Pause)

Events (20 events):
Event: 26.357 Thread 0x0000012ff9149410 flushing nmethod 0x0000012fe698e110
Event: 26.357 Thread 0x0000012ff9149410 flushing nmethod 0x0000012fe698e610
Event: 26.357 Thread 0x0000012ff9149410 flushing nmethod 0x0000012fe698ed10
Event: 26.357 Thread 0x0000012ff9149410 flushing nmethod 0x0000012fe698f110
Event: 26.357 Thread 0x0000012ff9149410 flushing nmethod 0x0000012fe698f790
Event: 26.357 Thread 0x0000012ff9149410 flushing nmethod 0x0000012fe69c0410
Event: 26.357 Thread 0x0000012ff9149410 flushing nmethod 0x0000012fe6d37c90
Event: 26.357 Thread 0x0000012ff9149410 flushing nmethod 0x0000012fe6d39510
Event: 26.357 Thread 0x0000012ff9149410 flushing nmethod 0x0000012fe6d3cf90
Event: 26.357 Thread 0x0000012ff9149410 flushing nmethod 0x0000012fe6d3d510
Event: 26.357 Thread 0x0000012ff9149410 flushing nmethod 0x0000012fe698b610
Event: 26.357 Thread 0x0000012ff9149410 flushing nmethod 0x0000012fe698c310
Event: 26.357 Thread 0x0000012ff9149410 flushing nmethod 0x0000012fe698c690
Event: 26.357 Thread 0x0000012ff9149410 flushing nmethod 0x0000012fe6cef390
Event: 26.357 Thread 0x0000012ff9149410 flushing nmethod 0x0000012fe6d47f90
Event: 26.357 Thread 0x0000012ff9149410 flushing nmethod 0x0000012fe6d48490
Event: 26.357 Thread 0x0000012ff9149410 flushing nmethod 0x0000012fe6d48790
Event: 26.357 Thread 0x0000012ff9149410 flushing nmethod 0x0000012fe6d4b610
Event: 26.357 Thread 0x0000012ff9149410 flushing nmethod 0x0000012fe6d4d690
Event: 26.357 Thread 0x0000012ff9149410 flushing nmethod 0x0000012fe6d4e790


Dynamic libraries:
0x00007ff78c290000 - 0x00007ff78c2a0000 	C:\Program Files\Java\jdk-21\bin\java.exe
0x00007fff6a070000 - 0x00007fff6a288000 	C:\WINDOWS\SYSTEM32\ntdll.dll
0x00007fff69770000 - 0x00007fff69834000 	C:\WINDOWS\System32\KERNEL32.DLL
0x00007fff67600000 - 0x00007fff679d3000 	C:\WINDOWS\System32\KERNELBASE.dll
0x00007fff672c0000 - 0x00007fff673d1000 	C:\WINDOWS\System32\ucrtbase.dll
0x00007fff19340000 - 0x00007fff1935b000 	C:\Program Files\Java\jdk-21\bin\VCRUNTIME140.dll
0x00007fff3e210000 - 0x00007fff3e229000 	C:\Program Files\Java\jdk-21\bin\jli.dll
0x00007fff69bc0000 - 0x00007fff69c71000 	C:\WINDOWS\System32\ADVAPI32.dll
0x00007fff69960000 - 0x00007fff69a07000 	C:\WINDOWS\System32\msvcrt.dll
0x00007fff69840000 - 0x00007fff698e8000 	C:\WINDOWS\System32\sechost.dll
0x00007fff67490000 - 0x00007fff674b8000 	C:\WINDOWS\System32\bcrypt.dll
0x00007fff68990000 - 0x00007fff68aa8000 	C:\WINDOWS\System32\RPCRT4.dll
0x00007fff685b0000 - 0x00007fff68762000 	C:\WINDOWS\System32\USER32.dll
0x00007fff673e0000 - 0x00007fff67406000 	C:\WINDOWS\System32\win32u.dll
0x00007fff68800000 - 0x00007fff68829000 	C:\WINDOWS\System32\GDI32.dll
0x00007fff67bf0000 - 0x00007fff67d0b000 	C:\WINDOWS\System32\gdi32full.dll
0x00007fff67b50000 - 0x00007fff67bea000 	C:\WINDOWS\System32\msvcp_win.dll
0x00007fff4aef0000 - 0x00007fff4b18c000 	C:\WINDOWS\WinSxS\amd64_microsoft.windows.common-controls_6595b64144ccf1df_6.0.22621.6060_none_2712eda17382d24b\COMCTL32.dll
0x00007fff62b20000 - 0x00007fff62b2a000 	C:\WINDOWS\SYSTEM32\VERSION.dll
0x00007fff68f10000 - 0x00007fff68f41000 	C:\WINDOWS\System32\IMM32.DLL
0x00007fff3e190000 - 0x00007fff3e19c000 	C:\Program Files\Java\jdk-21\bin\vcruntime140_1.dll
0x00007fff04dd0000 - 0x00007fff04e5e000 	C:\Program Files\Java\jdk-21\bin\msvcp140.dll
0x00007ffeba9b0000 - 0x00007ffebb6ca000 	C:\Program Files\Java\jdk-21\bin\server\jvm.dll
0x00007fff68770000 - 0x00007fff687e1000 	C:\WINDOWS\System32\WS2_32.dll
0x00007fff66ea0000 - 0x00007fff66eed000 	C:\WINDOWS\SYSTEM32\POWRPROF.dll
0x00007fff62eb0000 - 0x00007fff62ee4000 	C:\WINDOWS\SYSTEM32\WINMM.dll
0x00007fff66e80000 - 0x00007fff66e93000 	C:\WINDOWS\SYSTEM32\UMPDC.dll
0x00007fff66130000 - 0x00007fff66148000 	C:\WINDOWS\SYSTEM32\kernel.appcore.dll
0x00007fff2bd40000 - 0x00007fff2bd4a000 	C:\Program Files\Java\jdk-21\bin\jimage.dll
0x00007fff648b0000 - 0x00007fff64ae3000 	C:\WINDOWS\SYSTEM32\DBGHELP.DLL
0x00007fff69c90000 - 0x00007fff6a021000 	C:\WINDOWS\System32\combase.dll
0x00007fff69690000 - 0x00007fff69768000 	C:\WINDOWS\System32\OLEAUT32.dll
0x00007fff432d0000 - 0x00007fff43302000 	C:\WINDOWS\SYSTEM32\dbgcore.DLL
0x00007fff67240000 - 0x00007fff672bb000 	C:\WINDOWS\System32\bcryptPrimitives.dll
0x00007fff60c10000 - 0x00007fff60c1f000 	C:\Program Files\Java\jdk-21\bin\instrument.dll
0x00007fff19320000 - 0x00007fff1933f000 	C:\Program Files\Java\jdk-21\bin\java.dll
0x00007fff67d10000 - 0x00007fff685ac000 	C:\WINDOWS\System32\SHELL32.dll
0x00007fff674c0000 - 0x00007fff675ff000 	C:\WINDOWS\System32\wintypes.dll
0x00007fff65030000 - 0x00007fff6594a000 	C:\WINDOWS\SYSTEM32\windows.storage.dll
0x00007fff68830000 - 0x00007fff68934000 	C:\WINDOWS\System32\SHCORE.dll
0x00007fff68fd0000 - 0x00007fff69039000 	C:\WINDOWS\System32\shlwapi.dll
0x00007fff670b0000 - 0x00007fff670d5000 	C:\WINDOWS\SYSTEM32\profapi.dll
0x00007ffebf140000 - 0x00007ffebf217000 	C:\Program Files\Java\jdk-21\bin\jsvml.dll
0x00007fff04d90000 - 0x00007fff04da8000 	C:\Program Files\Java\jdk-21\bin\zip.dll
0x00007fff2bc70000 - 0x00007fff2bc80000 	C:\Program Files\Java\jdk-21\bin\net.dll
0x00007fff628b0000 - 0x00007fff629dc000 	C:\WINDOWS\SYSTEM32\WINHTTP.dll
0x00007fff66620000 - 0x00007fff66689000 	C:\WINDOWS\system32\mswsock.dll
0x00007fff04db0000 - 0x00007fff04dc6000 	C:\Program Files\Java\jdk-21\bin\nio.dll
0x00007fff4aed0000 - 0x00007fff4aeea000 	C:\Program Files\JetBrains\IntelliJ IDEA Community Edition 2020.3.3\bin\breakgen64.dll
0x00007ffedda80000 - 0x00007ffedda89000 	C:\Program Files\Java\jdk-21\bin\extnet.dll
0x00007fff19310000 - 0x00007fff1931a000 	C:\Program Files\Java\jdk-21\bin\management.dll
0x00007fff04d80000 - 0x00007fff04d8b000 	C:\Program Files\Java\jdk-21\bin\management_ext.dll
0x00007fff69c80000 - 0x00007fff69c88000 	C:\WINDOWS\System32\PSAPI.DLL
0x00007ffed8b20000 - 0x00007ffed8b2e000 	C:\Program Files\Java\jdk-21\bin\sunmscapi.dll
0x00007fff679e0000 - 0x00007fff67b48000 	C:\WINDOWS\System32\CRYPT32.dll
0x00007fff66ac0000 - 0x00007fff66aee000 	C:\WINDOWS\SYSTEM32\ncrypt.dll
0x00007fff66a80000 - 0x00007fff66ab7000 	C:\WINDOWS\SYSTEM32\NTASN1.dll
0x00007fff668a0000 - 0x00007fff668bb000 	C:\WINDOWS\SYSTEM32\CRYPTSP.dll
0x00007fff66080000 - 0x00007fff660b7000 	C:\WINDOWS\system32\rsaenh.dll
0x00007fff66730000 - 0x00007fff66758000 	C:\WINDOWS\SYSTEM32\USERENV.dll
0x00007fff66890000 - 0x00007fff6689c000 	C:\WINDOWS\SYSTEM32\CRYPTBASE.dll
0x00007fff65bb0000 - 0x00007fff65bdd000 	C:\WINDOWS\SYSTEM32\IPHLPAPI.DLL
0x00007fff69040000 - 0x00007fff69049000 	C:\WINDOWS\System32\NSI.dll
0x00007fff2bc40000 - 0x00007fff2bc50000 	C:\Program Files\Java\jdk-21\bin\verify.dll
0x00007fff65c20000 - 0x00007fff65d18000 	C:\WINDOWS\SYSTEM32\DNSAPI.dll
0x00007fff468e0000 - 0x00007fff468ea000 	C:\Windows\System32\rasadhlp.dll
0x00007fff603f0000 - 0x00007fff60474000 	C:\WINDOWS\System32\fwpuclnt.dll

dbghelp: loaded successfully - version: 4.0.5 - missing functions: none
symbol engine: initialized successfully - sym options: 0x614 - pdb path: .;C:\Program Files\Java\jdk-21\bin;C:\WINDOWS\SYSTEM32;C:\WINDOWS\WinSxS\amd64_microsoft.windows.common-controls_6595b64144ccf1df_6.0.22621.6060_none_2712eda17382d24b;C:\Program Files\Java\jdk-21\bin\server;C:\Program Files\JetBrains\IntelliJ IDEA Community Edition 2020.3.3\bin

VM Arguments:
jvm_args: -javaagent:C:\Program Files\JetBrains\IntelliJ IDEA Community Edition 2020.3.3\lib\idea_rt.jar=52853:C:\Program Files\JetBrains\IntelliJ IDEA Community Edition 2020.3.3\bin -Dfile.encoding=UTF-8 
java_command: com.ecommerce.EcommerceProjectApplication
java_class_path (initial): C:\Users\Ankit Agarwal\IdeaProjects\Ecommerce\target\classes;C:\Users\Ankit Agarwal\.m2\repository\org\springframework\boot\spring-boot-starter-data-jpa\3.4.5\spring-boot-starter-data-jpa-3.4.5.jar;C:\Users\Ankit Agarwal\.m2\repository\org\springframework\boot\spring-boot-starter\3.4.5\spring-boot-starter-3.4.5.jar;C:\Users\Ankit Agarwal\.m2\repository\org\springframework\boot\spring-boot-starter-logging\3.4.5\spring-boot-starter-logging-3.4.5.jar;C:\Users\Ankit Agarwal\.m2\repository\ch\qos\logback\logback-classic\1.5.18\logback-classic-1.5.18.jar;C:\Users\Ankit Agarwal\.m2\repository\ch\qos\logback\logback-core\1.5.18\logback-core-1.5.18.jar;C:\Users\Ankit Agarwal\.m2\repository\org\apache\logging\log4j\log4j-to-slf4j\2.24.3\log4j-to-slf4j-2.24.3.jar;C:\Users\Ankit Agarwal\.m2\repository\org\apache\logging\log4j\log4j-api\2.24.3\log4j-api-2.24.3.jar;C:\Users\Ankit Agarwal\.m2\repository\org\slf4j\jul-to-slf4j\2.0.17\jul-to-slf4j-2.0.17.jar;C:\Users\Ankit Agarwal\.m2\repository\jakarta\annotation\jakarta.annotation-api\2.1.1\jakarta.annotation-api-2.1.1.jar;C:\Users\Ankit Agarwal\.m2\repository\org\yaml\snakeyaml\2.3\snakeyaml-2.3.jar;C:\Users\Ankit Agarwal\.m2\repository\org\springframework\boot\spring-boot-starter-jdbc\3.4.5\spring-boot-starter-jdbc-3.4.5.jar;C:\Users\Ankit Agarwal\.m2\repository\com\zaxxer\HikariCP\5.1.0\HikariCP-5.1.0.jar;C:\Users\Ankit Agarwal\.m2\repository\org\springframework\spring-jdbc\6.2.6\spring-jdbc-6.2.6.jar;C:\Users\Ankit Agarwal\.m2\repository\org\hibernate\orm\hibernate-core\6.6.13.Final\hibernate-core-6.6.13.Final.jar;C:\Users\Ankit Agarwal\.m2\repository\jakarta\persistence\jakarta.persistence-api\3.1.0\jakarta.persistence-api-3.1.0.jar;C:\Users\Ankit Agarwal\.m2\repository\jakarta\transaction\jakarta.transaction-api\2.0.1\jakarta.transaction-api-2.0.1.jar;C:\Users\Ankit Agarwal\.m2\repository\org\jboss\logging\jboss-logging\3.6.1.Final\jboss-logging-3.6.1.Final.jar;C:\Users\Ankit Agarwal\.m2\repository\org\hibernate\common\hibernate-commons-annotations\7.0.3.Final\hibernate-commons-annotations-7.0.3.Final.jar;C:\Users\Ankit Agarwal\.m2\repository\io\smallrye\jandex\3.2.0\jandex-3.2.0.jar;C:\Users\Ankit Agarwal\.m2\repository\com\fasterxml\classmate\1.7.0\classmate-1.7.0.jar;C:\Users\Ankit Agarwal\.m2\repository\net\bytebuddy\byte-buddy\1.15.11\byte-buddy-1.15.11.jar;C:\Users\Ankit Agarwal\.m2\repository\org\glassfish\jaxb\jaxb-runtime\4.0.5\jaxb-runtime-4.0.5.jar;C:\Users\Ankit Agarwal\.m2\repository\org\glassfish\jaxb\jaxb-core\4.0.5\jaxb-core-4.0.5.jar;C:\Users\Ankit Agarwal\.m2\repository\org\glassfish\jaxb\txw2\4.0.5\txw2-4.0.5.jar;C:\Users\Ankit Agarwal\.m2\repository\com\sun\istack\istack-commons-runtime\4.1.2\istack-commons-runtime-4.1.2.jar;C:\Users\Ankit Agarwal\.m2\repository\jakarta\inject\jakarta.inject-api\2.0.1\jakarta.inject-api-2.0.1.jar;C:\Users\Ankit Agarwal\.m2\repository\org\antlr\antlr4-runtime\4.13.0\antlr4-runtime-4.13.0.jar;C:\Users\Ankit Agarwal\.m2\repository\org\springframework\data\spring-data-jpa\3.4.5\spring-data-jpa-3.4.5.jar;C:\Users\Ankit Agarwal\.m2\repository\org\springframework\data\spring-data-commons\3.4.5\spring-data-commons-3.4.5.jar;C:\Users\Ankit Agarwal\.m2\repository\org\springframework\spring-orm\6.2.6\spring-orm-6.2.6.jar;C:\Users\Ankit Agarwal\.m2\repository\org\springframework\spring-context\6.2.6\spring-context-6.2.6.jar;C:\Users\Ankit Agarwal\.m2\repository\org\springframework\spring-tx\6.2.6\spring-tx-6.2.6.jar;C:\Users\Ankit Agarwal\.m2\repository\org\springframework\spring-beans\6.2.6\spring-beans-6.2.6.jar;C:\Users\Ankit Agarwal\.m2\repository\org\springframework\spring-aspects\6.2.6\spring-aspects-6.2.6.jar;C:\Users\Ankit Agarwal\.m2\repository\org\aspectj\aspectjweaver\1.9.24\aspectjweaver-1.9.24.jar;C:\Users\Ankit Agarwal\.m2\repository\org\springframework\boot\spring-boot-starter-thymeleaf\3.4.5\spring-boot-starter-thymeleaf-3.4.5.jar;C:\Users\Ankit Agarwal\.m2\repository\org\thymeleaf\thymeleaf-spring6\3.1.3.RELEASE\thymeleaf-spring6-3.1.3.RELEASE.jar;C:\Users\Ankit Agarwal\.m2\repository\org\thymeleaf\thymeleaf\3.1.3.RELEASE\thymeleaf-3.1.3.RELEASE.jar;C:\Users\Ankit Agarwal\.m2\repository\org\attoparser\attoparser\2.0.7.RELEASE\attoparser-2.0.7.RELEASE.jar;C:\Users\Ankit Agarwal\.m2\repository\org\unbescape\unbescape\1.1.6.RELEASE\unbescape-1.1.6.RELEASE.jar;C:\Users\Ankit Agarwal\.m2\repository\org\springframework\boot\spring-boot-starter-web\3.4.5\spring-boot-starter-web-3.4.5.jar;C:\Users\Ankit Agarwal\.m2\repository\org\springframework\boot\spring-boot-starter-json\3.4.5\spring-boot-starter-json-3.4.5.jar;C:\Users\Ankit Agarwal\.m2\repository\com\fasterxml\jackson\datatype\jackson-datatype-jdk8\2.18.3\jackson-datatype-jdk8-2.18.3.jar;C:\Users\Ankit Agarwal\.m2\repository\com\fasterxml\jackson\datatype\jackson-datatype-jsr310\2.18.3\jackson-datatype-jsr310-2.18.3.jar;C:\Users\Ankit Agarwal\.m2\repository\com\fasterxml\jackson\module\jackson-module-parameter-names\2.18.3\jackson-module-parameter-names-2.18.3.jar;C:\Users\Ankit Agarwal\.m2\repository\org\springframework\boot\spring-boot-starter-tomcat\3.4.5\spring-boot-starter-tomcat-3.4.5.jar;C:\Users\Ankit Agarwal\.m2\repository\org\apache\tomcat\embed\tomcat-embed-core\10.1.40\tomcat-embed-core-10.1.40.jar;C:\Users\Ankit Agarwal\.m2\repository\org\apache\tomcat\embed\tomcat-embed-websocket\10.1.40\tomcat-embed-websocket-10.1.40.jar;C:\Users\Ankit Agarwal\.m2\repository\org\springframework\spring-web\6.2.6\spring-web-6.2.6.jar;C:\Users\Ankit Agarwal\.m2\repository\io\micrometer\micrometer-observation\1.14.6\micrometer-observation-1.14.6.jar;C:\Users\Ankit Agarwal\.m2\repository\io\micrometer\micrometer-commons\1.14.6\micrometer-commons-1.14.6.jar;C:\Users\Ankit Agarwal\.m2\repository\org\springframework\spring-webmvc\6.2.6\spring-webmvc-6.2.6.jar;C:\Users\Ankit Agarwal\.m2\repository\org\springframework\spring-expression\6.2.6\spring-expression-6.2.6.jar;C:\Users\Ankit Agarwal\.m2\repository\com\mysql\mysql-connector-j\9.1.0\mysql-connector-j-9.1.0.jar;C:\Users\Ankit Agarwal\.m2\repository\org\springframework\boot\spring-boot-devtools\3.4.5\spring-boot-devtools-3.4.5.jar;C:\Users\Ankit Agarwal\.m2\repository\org\springframework\boot\spring-boot\3.4.5\spring-boot-3.4.5.jar;C:\Users\Ankit Agarwal\.m2\repository\org\springframework\boot\spring-boot-autoconfigure\3.4.5\spring-boot-autoconfigure-3.4.5.jar;C:\Users\Ankit Agarwal\.m2\repository\org\springframework\boot\spring-boot-starter-validation\3.4.5\spring-boot-starter-validation-3.4.5.jar;C:\Users\Ankit Agarwal\.m2\repository\org\apache\tomcat\embed\tomcat-embed-el\10.1.40\tomcat-embed-el-10.1.40.jar;C:\Users\Ankit Agarwal\.m2\repository\org\hibernate\validator\hibernate-validator\8.0.2.Final\hibernate-validator-8.0.2.Final.jar;C:\Users\Ankit Agarwal\.m2\repository\jakarta\validation\jakarta.validation-api\3.0.2\jakarta.validation-api-3.0.2.jar;C:\Users\Ankit Agarwal\.m2\repository\com\razorpay\razorpay-java\1.4.5\razorpay-java-1.4.5.jar;C:\Users\Ankit Agarwal\.m2\repository\org\json\json\20180130\json-20180130.jar;C:\Users\Ankit Agarwal\.m2\repository\com\squareup\okhttp3\okhttp\3.10.0\okhttp-3.10.0.jar;C:\Users\Ankit Agarwal\.m2\repository\com\squareup\okio\okio\1.14.0\okio-1.14.0.jar;C:\Users\Ankit Agarwal\.m2\repository\com\squareup\okhttp3\logging-interceptor\3.10.0\logging-interceptor-3.10.0.jar;C:\Users\Ankit Agarwal\.m2\repository\commons-codec\commons-codec\1.17.2\commons-codec-1.17.2.jar;C:\Users\Ankit Agarwal\.m2\repository\org\apache\commons\commons-text\1.3\commons-text-1.3.jar;C:\Users\Ankit Agarwal\.m2\repository\org\apache\commons\commons-lang3\3.17.0\commons-lang3-3.17.0.jar;C:\Users\Ankit Agarwal\.m2\repository\com\paypal\sdk\rest-api-sdk\1.4.2\rest-api-sdk-1.4.2.jar;C:\Users\Ankit Agarwal\.m2\repository\com\google\code\gson\gson\2.11.0\gson-2.11.0.jar;C:\Users\Ankit Agarwal\.m2\repository\com\google\errorprone\error_prone_annotations\2.27.0\error_prone_annotations-2.27.0.jar;C:\Users\Ankit Agarwal\.m2\repository\org\slf4j\slf4j-api\2.0.17\slf4j-api-2.0.17.jar;C:\Users\Ankit Agarwal\.m2\repository\net\sf\jasperreports\jasperreports\7.0.3\jasperreports-7.0.3.jar;C:\Users\Ankit Agarwal\.m2\repository\commons-logging\commons-logging\1.3.0\commons-logging-1.3.0.jar;C:\Users\Ankit Agarwal\.m2\repository\org\apache\commons\commons-collections4\4.4\commons-collections4-4.4.jar;C:\Users\Ankit Agarwal\.m2\repository\com\fasterxml\jackson\core\jackson-core\2.18.3\jackson-core-2.18.3.jar;C:\Users\Ankit Agarwal\.m2\repository\com\fasterxml\jackson\core\jackson-annotations\2.18.3\jackson-annotations-2.18.3.jar;C:\Users\Ankit Agarwal\.m2\repository\com\fasterxml\jackson\core\jackson-databind\2.18.3\jackson-databind-2.18.3.jar;C:\Users\Ankit Agarwal\.m2\repository\com\fasterxml\jackson\dataformat\jackson-dataformat-xml\2.18.3\jackson-dataformat-xml-2.18.3.jar;C:\Users\Ankit Agarwal\.m2\repository\org\codehaus\woodstox\stax2-api\4.2.2\stax2-api-4.2.2.jar;C:\Users\Ankit Agarwal\.m2\repository\com\fasterxml\woodstox\woodstox-core\7.0.0\woodstox-core-7.0.0.jar;C:\Users\Ankit Agarwal\.m2\repository\org\apache\xmlgraphics\batik-anim\1.18\batik-anim-1.18.jar;C:\Users\Ankit Agarwal\.m2\repository\org\apache\xmlgraphics\batik-ext\1.18\batik-ext-1.18.jar;C:\Users\Ankit Agarwal\.m2\repository\org\apache\xmlgraphics\batik-parser\1.18\batik-parser-1.18.jar;C:\Users\Ankit Agarwal\.m2\repository\org\apache\xmlgraphics\batik-shared-resources\1.18\batik-shared-resources-1.18.jar;C:\Users\Ankit Agarwal\.m2\repository\org\apache\xmlgraphics\batik-bridge\1.18\batik-bridge-1.18.jar;C:\Users\Ankit Agarwal\.m2\repository\org\apache\xmlgraphics\batik-script\1.18\batik-script-1.18.jar;C:\Users\Ankit Agarwal\.m2\repository\org\apache\xmlgraphics\batik-xml\1.18\batik-xml-1.18.jar;C:\Users\Ankit Agarwal\.m2\repository\org\apache\xmlgraphics\xmlgraphics-commons\2.10\xmlgraphics-commons-2.10.jar;C:\Users\Ankit Agarwal\.m2\repository\commons-io\commons-io\2.11.0\commons-io-2.11.0.jar;C:\Users\Ankit Agarwal\.m2\repository\org\apache\xmlgraphics\batik-dom\1.18\batik-dom-1.18.jar;C:\Users\Ankit Agarwal\.m2\repository\org\apache\xmlgraphics\batik-svg-dom\1.18\batik-svg-dom-1.18.jar;C:\Users\Ankit Agarwal\.m2\repository\org\apache\xmlgraphics\batik-awt-util\1.18\batik-awt-util-1.18.jar;C:\Users\Ankit Agarwal\.m2\repository\org\apache\xmlgraphics\batik-gvt\1.18\batik-gvt-1.18.jar;C:\Users\Ankit Agarwal\.m2\repository\org\apache\xmlgraphics\batik-util\1.18\batik-util-1.18.jar;C:\Users\Ankit Agarwal\.m2\repository\org\apache\xmlgraphics\batik-i18n\1.18\batik-i18n-1.18.jar;C:\Users\Ankit Agarwal\.m2\repository\org\apache\xmlgraphics\batik-constants\1.18\batik-constants-1.18.jar;C:\Users\Ankit Agarwal\.m2\repository\org\apache\xmlgraphics\batik-css\1.18\batik-css-1.18.jar;C:\Users\Ankit Agarwal\.m2\repository\xml-apis\xml-apis-ext\1.3.04\xml-apis-ext-1.3.04.jar;C:\Users\Ankit Agarwal\.m2\repository\commons-beanutils\commons-beanutils\1.9.4\commons-beanutils-1.9.4.jar;C:\Users\Ankit Agarwal\.m2\repository\commons-collections\commons-collections\3.2.2\commons-collections-3.2.2.jar;C:\Users\Ankit Agarwal\.m2\repository\net\sf\jasperreports\jasperreports-pdf\7.0.3\jasperreports-pdf-7.0.3.jar;C:\Users\Ankit Agarwal\.m2\repository\com\github\librepdf\openpdf\1.3.32\openpdf-1.3.32.jar;C:\Users\Ankit Agarwal\.m2\repository\com\adobe\xmp\xmpcore\6.1.11\xmpcore-6.1.11.jar;C:\Users\Ankit Agarwal\.m2\repository\jakarta\xml\bind\jakarta.xml.bind-api\4.0.2\jakarta.xml.bind-api-4.0.2.jar;C:\Users\Ankit Agarwal\.m2\repository\jakarta\activation\jakarta.activation-api\2.1.3\jakarta.activation-api-2.1.3.jar;C:\Users\Ankit Agarwal\.m2\repository\org\springframework\spring-core\6.2.6\spring-core-6.2.6.jar;C:\Users\Ankit Agarwal\.m2\repository\org\springframework\spring-jcl\6.2.6\spring-jcl-6.2.6.jar;C:\Users\Ankit Agarwal\.m2\repository\org\springframework\boot\spring-boot-starter-security\3.4.5\spring-boot-starter-security-3.4.5.jar;C:\Users\Ankit Agarwal\.m2\repository\org\springframework\spring-aop\6.2.6\spring-aop-6.2.6.jar;C:\Users\Ankit Agarwal\.m2\repository\org\springframework\security\spring-security-config\6.4.5\spring-security-config-6.4.5.jar;C:\Users\Ankit Agarwal\.m2\repository\org\springframework\security\spring-security-core\6.4.5\spring-security-core-6.4.5.jar;C:\Users\Ankit Agarwal\.m2\repository\org\springframework\security\spring-security-crypto\6.4.5\spring-security-crypto-6.4.5.jar;C:\Users\Ankit Agarwal\.m2\repository\org\springframework\security\spring-security-web\6.4.5\spring-security-web-6.4.5.jar;C:\Users\Ankit Agarwal\.m2\repository\org\springframework\boot\spring-boot-starter-mail\3.4.5\spring-boot-starter-mail-3.4.5.jar;C:\Users\Ankit Agarwal\.m2\repository\org\springframework\spring-context-support\6.2.6\spring-context-support-6.2.6.jar;C:\Users\Ankit Agarwal\.m2\repository\org\eclipse\angus\jakarta.mail\2.0.3\jakarta.mail-2.0.3.jar;C:\Users\Ankit Agarwal\.m2\repository\org\eclipse\angus\angus-activation\2.0.2\angus-activation-2.0.2.jar
Launcher Type: SUN_STANDARD

[Global flags]
     intx CICompilerCount                          = 4                                         {product} {ergonomic}
     uint ConcGCThreads                            = 2                                         {product} {ergonomic}
     uint G1ConcRefinementThreads                  = 8                                         {product} {ergonomic}
   size_t G1HeapRegionSize                         = 1048576                                   {product} {ergonomic}
    uintx GCDrainStackTargetSize                   = 64                                        {product} {ergonomic}
   size_t InitialHeapSize                          = 65011712                                  {product} {ergonomic}
   size_t MarkStackSize                            = 4194304                                   {product} {ergonomic}
   size_t MaxHeapSize                              = 1023410176                                {product} {ergonomic}
   size_t MaxNewSize                               = 613416960                                 {product} {ergonomic}
   size_t MinHeapDeltaBytes                        = 1048576                                   {product} {ergonomic}
   size_t MinHeapSize                              = 8388608                                   {product} {ergonomic}
    uintx NonNMethodCodeHeapSize                   = 5839372                                {pd product} {ergonomic}
    uintx NonProfiledCodeHeapSize                  = 122909434                              {pd product} {ergonomic}
    uintx ProfiledCodeHeapSize                     = 122909434                              {pd product} {ergonomic}
    uintx ReservedCodeCacheSize                    = 251658240                              {pd product} {ergonomic}
     bool SegmentedCodeCache                       = true                                      {product} {ergonomic}
   size_t SoftMaxHeapSize                          = 1023410176                             {manageable} {ergonomic}
     bool UseCompressedOops                        = true                           {product lp64_product} {ergonomic}
     bool UseG1GC                                  = true                                      {product} {ergonomic}
     bool UseLargePagesIndividualAllocation        = false                                  {pd product} {ergonomic}

Logging:
Log output configuration:
 #0: stdout all=warning uptime,level,tags foldmultilines=false
 #1: stderr all=off uptime,level,tags foldmultilines=false

Environment Variables:
JAVA_HOME=C:\Program Files\Java\jdk-16.0.1
PATH=C:\Program Files\Common Files\Oracle\Java\javapath;C:\Python399\Scripts\;C:\Python399\;C:\Program Files (x86)\Common Files\Oracle\Java\javapath;C:\app\AnkitAgarwal\product\11.2.0\dbhome_3\bin;C:\WINDOWS\system32;C:\WINDOWS;C:\WINDOWS\System32\Wbem;C:\WINDOWS\System32\WindowsPowerShell\v1.0\;C:\WINDOWS\System32\OpenSSH\;C:\Program Files\Java\jdk-15.0.1;C:\Program Files\Java\jdk1.8.0_271\bin;C:\cygwin64\bin;C:\ProgramData\chocolatey\bin;C:\Users\Ankit Agarwal\AppData\Roaming\Microsoft\Windows\Start Menu\Programs\Python 3.9;C:\Users\Ankit Agarwal\AppData\Local\Programs\Python\Python39\Scripts;C:\Users\Ankit Agarwal\AppData\Local\Programs\Python\Python39;C:\Users\Ankit Agarwal\PycharmProjects\pythonProject\venv\Scripts;C:\Program Files\Git\cmd;C:\Program Files\Git\mingw64\bin;C:\Program Files\Git\usr\bin;C:\MinGW\bin;C:\Program Files\Java\jdk-16.0.1\bin;C:\iverilog\bin;C:\Users\Ankit Agarwal\AppData\Local\Yarn\bin;C:\Users\Ankit Agarwal\AppData\Roaming\nvm;C:\Program Files\nodejs;C:\ProgramData\ComposerSetup\bin;C:\Program Files\MySQL\MySQL Server 5.5\bin;C:\maven\apache-maven-3.9.9-bin\apache-maven-3.9.9\bin;C:\Program Files\Docker\Docker\resources\bin;C:\Program Files\nodejs\;C:\kafka\bin;C:\Users\Ankit Agarwal\AppData\Local\Microsoft\WindowsApps;C:\Java\jdk-15.0.1\bin;C:\Program Files\MongoDB\Server\4.4\bin;C:\Windows\System32;C:\MinGW\bin;C:\Program Files (x86)\mingw-w64\i686-8.1.0-posix-dwarf-rt_v6-rev0\mingw32\bin;C:\Program Files\ffmpeg\bin;C:\Program Files\heroku\bin;C:\Program Files\JetBrains\IntelliJ IDEA Community Edition 2020.3.3\bin;;C:\Program Files\Java\jdk-16.0.1;C:\Program Files\Java\jdk-16.0.1\bin;C:\Users\Ankit Agarwal\AppData\Local\GitHubDesktop\bin;C:\Users\Ankit Agarwal\AppData\Roaming\nvm;C:\Program Files\nodejs;C:\xampp\php;C:\Users\Ankit Agarwal\AppData\Local\ComposerSetup\bin;C:\Users\Ankit Agarwal\AppData\Roaming\Composer\vendor\bin;C:\Users\Ankit Agarwal\AppData\Local\Programs\Microsoft VS Code\bin;C:\Users\Ankit Agarwal\AppData\Roaming\npm
USERNAME=Ankit Agarwal
OS=Windows_NT
PROCESSOR_IDENTIFIER=Intel64 Family 6 Model 142 Stepping 12, GenuineIntel
TMP=C:\Users\ANKITA~1\AppData\Local\Temp
TEMP=C:\Users\ANKITA~1\AppData\Local\Temp




Periodic native trim disabled

---------------  S Y S T E M  ---------------

OS:
 Windows 11 , 64 bit Build 22621 (10.0.22621.5415)
OS uptime: 0 days 3:38 hours
Hyper-V role detected

CPU: total 8 (initial active 8) (4 cores per cpu, 2 threads per core) family 6 model 142 stepping 12 microcode 0xea, cx8, cmov, fxsr, ht, mmx, 3dnowpref, sse, sse2, sse3, ssse3, sse4.1, sse4.2, popcnt, lzcnt, tsc, tscinvbit, avx, avx2, aes, erms, clmul, bmi1, bmi2, adx, fma, vzeroupper, clflush, clflushopt, hv, rdtscp, f16c
Processor Information for all 8 processors :
  Max Mhz: 2112, Current Mhz: 1609, Mhz Limit: 1605

Memory: 4k page, system-wide physical 3899M (260M free)
TotalPageFile size 15675M (AvailPageFile size 20M)
current process WorkingSet (physical memory assigned to process): 211M, peak: 228M
current process commit charge ("private bytes"): 304M, peak: 341M

vm_info: Java HotSpot(TM) 64-Bit Server VM (21.0.7+8-LTS-245) for windows-amd64 JRE (21.0.7+8-LTS-245), built on 2025-02-21T05:11:27Z by "mach5one" with MS VC++ 17.6 (VS2022)

END.
