#
# There is insufficient memory for the Java Runtime Environment to continue.
# Native memory allocation (malloc) failed to allocate 1911056 bytes for Chunk::new
# Possible reasons:
#   The system is out of physical RAM or swap space
#   The process is running with CompressedOops enabled, and the Java Heap may be blocking the growth of the native heap
# Possible solutions:
#   Reduce memory load on the system
#   Increase physical memory or swap space
#   Check if swap backing store is full
#   Decrease Java heap size (-Xmx/-Xms)
#   Decrease number of Java threads
#   Decrease Java thread stack sizes (-Xss)
#   Set larger code cache with -XX:ReservedCodeCacheSize=
#   JVM is running with Unscaled Compressed Oops mode in which the Java heap is
#     placed in the first 4GB address space. The Java Heap base address is the
#     maximum limit for the native heap growth. Please use -XX:HeapBaseMinAddress
#     to set the Java Heap base and to place the Java Heap above 4GB virtual address.
# This output file may be truncated or incomplete.
#
#  Out of Memory Error (arena.cpp:168), pid=11640, tid=9744
#
# JRE version: Java(TM) SE Runtime Environment (21.0.7+8) (build 21.0.7+8-LTS-245)
# Java VM: Java HotSpot(TM) 64-Bit Server VM (21.0.7+8-LTS-245, mixed mode, sharing, tiered, compressed oops, compressed class ptrs, g1 gc, windows-amd64)
# No core dump will be written. Minidumps are not enabled by default on client versions of Windows
#

---------------  S U M M A R Y ------------

Command Line: -javaagent:C:\Program Files\JetBrains\IntelliJ IDEA Community Edition 2020.3.3\lib\idea_rt.jar=51757:C:\Program Files\JetBrains\IntelliJ IDEA Community Edition 2020.3.3\bin -Dfile.encoding=UTF-8 com.ecommerce.EcommerceProjectApplication

Host: Intel(R) Core(TM) i5-10210U CPU @ 1.60GHz, 8 cores, 3G,  Windows 11 , 64 bit Build 22621 (10.0.22621.5415)
Time: Sat Aug 23 15:45:01 2025 India Standard Time elapsed time: 23.722896 seconds (0d 0h 0m 23s)

---------------  T H R E A D  ---------------

Current thread (0x000002514cb55020):  JavaThread "C2 CompilerThread0" daemon [_thread_in_native, id=9744, stack(0x000000c5b8400000,0x000000c5b8500000) (1024K)]


Current CompileTask:
C2:  23723 4614       4       jdk.internal.loader.BuiltinClassLoader::defineClass (121 bytes)

Stack: [0x000000c5b8400000,0x000000c5b8500000]
Native frames: (J=compiled Java code, j=interpreted, Vv=VM code, C=native code)
V  [jvm.dll+0x6cae19]
V  [jvm.dll+0x855741]
V  [jvm.dll+0x857c6e]
V  [jvm.dll+0x858343]
V  [jvm.dll+0x27e0b6]
V  [jvm.dll+0xc4ecd]
V  [jvm.dll+0xc5403]
V  [jvm.dll+0x3b5752]
V  [jvm.dll+0x381e25]
V  [jvm.dll+0x38129a]
V  [jvm.dll+0x246b30]
V  [jvm.dll+0x24610f]
V  [jvm.dll+0x1c6efe]
V  [jvm.dll+0x255819]
V  [jvm.dll+0x253daa]
V  [jvm.dll+0x3eebb6]
V  [jvm.dll+0x7ffa1b]
V  [jvm.dll+0x6c94fd]
C  [ucrtbase.dll+0x29333]
C  [KERNEL32.DLL+0x1259d]
C  [ntdll.dll+0x5af78]


---------------  P R O C E S S  ---------------

Threads class SMR info:
_java_thread_list=0x0000025192b66c90, length=20, elements={
0x000002512f3af7d0, 0x000002514cb49bd0, 0x000002514cb4a820, 0x000002514cb4e390,
0x000002514cb4ede0, 0x000002514cb4f830, 0x000002514cb50280, 0x000002514cb55020,
0x000002514cb584c0, 0x000002514cb22620, 0x0000025192146f10, 0x0000025192147980,
0x000002519269a460, 0x00000251926d2d20, 0x0000025194b9e7f0, 0x00000251933aacb0,
0x000002519402a070, 0x00000251947afd10, 0x00000251947b03a0, 0x00000251947b2b00
}

Java Threads: ( => current thread )
  0x000002512f3af7d0 JavaThread "main"                              [_thread_blocked, id=21012, stack(0x000000c5b7600000,0x000000c5b7700000) (1024K)]
  0x000002514cb49bd0 JavaThread "Reference Handler"          daemon [_thread_blocked, id=20852, stack(0x000000c5b7e00000,0x000000c5b7f00000) (1024K)]
  0x000002514cb4a820 JavaThread "Finalizer"                  daemon [_thread_blocked, id=2856, stack(0x000000c5b7f00000,0x000000c5b8000000) (1024K)]
  0x000002514cb4e390 JavaThread "Signal Dispatcher"          daemon [_thread_blocked, id=10700, stack(0x000000c5b8000000,0x000000c5b8100000) (1024K)]
  0x000002514cb4ede0 JavaThread "Attach Listener"            daemon [_thread_blocked, id=10628, stack(0x000000c5b8100000,0x000000c5b8200000) (1024K)]
  0x000002514cb4f830 JavaThread "Service Thread"             daemon [_thread_blocked, id=13976, stack(0x000000c5b8200000,0x000000c5b8300000) (1024K)]
  0x000002514cb50280 JavaThread "Monitor Deflation Thread"   daemon [_thread_blocked, id=21428, stack(0x000000c5b8300000,0x000000c5b8400000) (1024K)]
=>0x000002514cb55020 JavaThread "C2 CompilerThread0"         daemon [_thread_in_native, id=9744, stack(0x000000c5b8400000,0x000000c5b8500000) (1024K)]
  0x000002514cb584c0 JavaThread "C1 CompilerThread0"         daemon [_thread_in_vm, id=4396, stack(0x000000c5b8500000,0x000000c5b8600000) (1024K)]
  0x000002514cb22620 JavaThread "Common-Cleaner"             daemon [_thread_blocked, id=13144, stack(0x000000c5b8600000,0x000000c5b8700000) (1024K)]
  0x0000025192146f10 JavaThread "Monitor Ctrl-Break"         daemon [_thread_in_native, id=14152, stack(0x000000c5b8700000,0x000000c5b8800000) (1024K)]
  0x0000025192147980 JavaThread "Notification Thread"        daemon [_thread_blocked, id=3676, stack(0x000000c5b8800000,0x000000c5b8900000) (1024K)]
  0x000002519269a460 JavaThread "Thread-0"                          [_thread_blocked, id=8072, stack(0x000000c5b8900000,0x000000c5b8a00000) (1024K)]
  0x00000251926d2d20 JavaThread "restartedMain"                     [_thread_in_Java, id=2448, stack(0x000000c5b8a00000,0x000000c5b8b00000) (1024K)]
  0x0000025194b9e7f0 JavaThread "Catalina-utility-1"                [_thread_blocked, id=18772, stack(0x000000c5b9300000,0x000000c5b9400000) (1024K)]
  0x00000251933aacb0 JavaThread "Catalina-utility-2"                [_thread_blocked, id=17836, stack(0x000000c5b9400000,0x000000c5b9500000) (1024K)]
  0x000002519402a070 JavaThread "container-0"                       [_thread_blocked, id=17544, stack(0x000000c5b9500000,0x000000c5b9600000) (1024K)]
  0x00000251947afd10 JavaThread "mysql-cj-abandoned-connection-cleanup" daemon [_thread_blocked, id=20848, stack(0x000000c5b9600000,0x000000c5b9700000) (1024K)]
  0x00000251947b03a0 JavaThread "HikariPool-1 housekeeper"   daemon [_thread_blocked, id=15760, stack(0x000000c5b9800000,0x000000c5b9900000) (1024K)]
  0x00000251947b2b00 JavaThread "HikariPool-1 connection adder" daemon [_thread_in_native, id=1068, stack(0x000000c5b9900000,0x000000c5b9a00000) (1024K)]
Total: 20

Other Threads:
  0x000002514cb335c0 VMThread "VM Thread"                           [id=18480, stack(0x000000c5b7d00000,0x000000c5b7e00000) (1024K)]
  0x000002514cb21a40 WatcherThread "VM Periodic Task Thread"        [id=11724, stack(0x000000c5b7c00000,0x000000c5b7d00000) (1024K)]
  0x00000251316cdd80 WorkerThread "GC Thread#0"                     [id=7792, stack(0x000000c5b7700000,0x000000c5b7800000) (1024K)]
  0x000002519287ec60 WorkerThread "GC Thread#1"                     [id=20400, stack(0x000000c5b8b00000,0x000000c5b8c00000) (1024K)]
  0x000002519282f5b0 WorkerThread "GC Thread#2"                     [id=13956, stack(0x000000c5b8c00000,0x000000c5b8d00000) (1024K)]
  0x000002519282f950 WorkerThread "GC Thread#3"                     [id=20956, stack(0x000000c5b8d00000,0x000000c5b8e00000) (1024K)]
  0x0000025192803f30 WorkerThread "GC Thread#4"                     [id=1296, stack(0x000000c5b8e00000,0x000000c5b8f00000) (1024K)]
  0x00000251928042d0 WorkerThread "GC Thread#5"                     [id=12260, stack(0x000000c5b8f00000,0x000000c5b9000000) (1024K)]
  0x00000251930d7aa0 WorkerThread "GC Thread#6"                     [id=7224, stack(0x000000c5b9100000,0x000000c5b9200000) (1024K)]
  0x00000251930d7e40 WorkerThread "GC Thread#7"                     [id=13952, stack(0x000000c5b9200000,0x000000c5b9300000) (1024K)]
  0x00000251316d6760 ConcurrentGCThread "G1 Main Marker"            [id=13196, stack(0x000000c5b7800000,0x000000c5b7900000) (1024K)]
  0x00000251316d7a70 WorkerThread "G1 Conc#0"                       [id=14932, stack(0x000000c5b7900000,0x000000c5b7a00000) (1024K)]
  0x00000251938accd0 WorkerThread "G1 Conc#1"                       [id=17944, stack(0x000000c5b9000000,0x000000c5b9100000) (1024K)]
  0x0000025131742c80 ConcurrentGCThread "G1 Refine#0"               [id=8868, stack(0x000000c5b7a00000,0x000000c5b7b00000) (1024K)]
  0x00000251317437f0 ConcurrentGCThread "G1 Service"                [id=8660, stack(0x000000c5b7b00000,0x000000c5b7c00000) (1024K)]
Total: 15

Threads with active compile tasks:
C2 CompilerThread0    23798 4614       4       jdk.internal.loader.BuiltinClassLoader::defineClass (121 bytes)
C1 CompilerThread0    23798 4678       3       java.lang.invoke.LambdaFormBuffer::endEdit (313 bytes)
Total: 2

VM state: not at safepoint (normal execution)

VM Mutex/Monitor currently owned by a thread: None

Heap address: 0x00000000c3000000, size: 976 MB, Compressed Oops mode: 32-bit

CDS archive(s) mapped at: [0x000002514d000000-0x000002514dc90000-0x000002514dc90000), size 13172736, SharedBaseAddress: 0x000002514d000000, ArchiveRelocationMode: 1.
Compressed class space mapped at: 0x000002514e000000-0x000002518e000000, reserved size: 1073741824
Narrow klass base: 0x000002514d000000, Narrow klass shift: 0, Narrow klass range: 0x100000000

GC Precious Log:
 CardTable entry size: 512
 Card Set container configuration: InlinePtr #cards 5 size 8 Array Of Cards #cards 12 size 40 Howl #buckets 4 coarsen threshold 1843 Howl Bitmap #cards 512 size 80 coarsen threshold 460 Card regions per heap region 1 cards per card region 2048
 CPUs: 8 total, 8 available
 Memory: 3899M
 Large Page Support: Disabled
 NUMA Support: Disabled
 Compressed Oops: Enabled (32-bit)
 Heap Region Size: 1M
 Heap Min Capacity: 8M
 Heap Initial Capacity: 62M
 Heap Max Capacity: 976M
 Pre-touch: Disabled
 Parallel Workers: 8
 Concurrent Workers: 2
 Concurrent Refinement Workers: 8
 Periodic GC: Disabled

Heap:
 garbage-first heap   total 55296K, used 40422K [0x00000000c3000000, 0x0000000100000000)
  region size 1024K, 24 young (24576K), 3 survivors (3072K)
 Metaspace       used 41341K, committed 41856K, reserved 1114112K
  class space    used 5344K, committed 5568K, reserved 1048576K

Heap Regions: E=young(eden), S=young(survivor), O=old, HS=humongous(starts), HC=humongous(continues), CS=collection set, F=free, TAMS=top-at-mark-start, PB=parsable bottom
|   0|0x00000000c3000000, 0x00000000c3100000, 0x00000000c3100000|100%|HS|  |TAMS 0x00000000c3000000| PB 0x00000000c3000000| Complete 
|   1|0x00000000c3100000, 0x00000000c3200000, 0x00000000c3200000|100%|HS|  |TAMS 0x00000000c3100000| PB 0x00000000c3100000| Complete 
|   2|0x00000000c3200000, 0x00000000c3300000, 0x00000000c3300000|100%| O|  |TAMS 0x00000000c3200000| PB 0x00000000c3200000| Untracked 
|   3|0x00000000c3300000, 0x00000000c3400000, 0x00000000c3400000|100%| O|  |TAMS 0x00000000c3300000| PB 0x00000000c3300000| Untracked 
|   4|0x00000000c3400000, 0x00000000c3500000, 0x00000000c3500000|100%| O|  |TAMS 0x00000000c3400000| PB 0x00000000c3400000| Untracked 
|   5|0x00000000c3500000, 0x00000000c3600000, 0x00000000c3600000|100%| O|  |TAMS 0x00000000c3500000| PB 0x00000000c3500000| Untracked 
|   6|0x00000000c3600000, 0x00000000c3700000, 0x00000000c3700000|100%| O|  |TAMS 0x00000000c3600000| PB 0x00000000c3600000| Untracked 
|   7|0x00000000c3700000, 0x00000000c3800000, 0x00000000c3800000|100%| O|  |TAMS 0x00000000c3700000| PB 0x00000000c3700000| Untracked 
|   8|0x00000000c3800000, 0x00000000c3900000, 0x00000000c3900000|100%| O|  |TAMS 0x00000000c3800000| PB 0x00000000c3800000| Untracked 
|   9|0x00000000c3900000, 0x00000000c3a00000, 0x00000000c3a00000|100%| O|  |TAMS 0x00000000c3900000| PB 0x00000000c3900000| Untracked 
|  10|0x00000000c3a00000, 0x00000000c3b00000, 0x00000000c3b00000|100%| O|  |TAMS 0x00000000c3a00000| PB 0x00000000c3a00000| Untracked 
|  11|0x00000000c3b00000, 0x00000000c3c00000, 0x00000000c3c00000|100%| O|  |TAMS 0x00000000c3b00000| PB 0x00000000c3b00000| Untracked 
|  12|0x00000000c3c00000, 0x00000000c3cf15a0, 0x00000000c3d00000| 94%| O|Cm|TAMS 0x00000000c3c00000| PB 0x00000000c3c00000| Complete 
|  13|0x00000000c3d00000, 0x00000000c3e00000, 0x00000000c3e00000|100%| O|  |TAMS 0x00000000c3d00000| PB 0x00000000c3d00000| Untracked 
|  14|0x00000000c3e00000, 0x00000000c3e00000, 0x00000000c3f00000|  0%| F|  |TAMS 0x00000000c3e00000| PB 0x00000000c3e00000| Untracked 
|  15|0x00000000c3f00000, 0x00000000c3f00000, 0x00000000c4000000|  0%| F|  |TAMS 0x00000000c3f00000| PB 0x00000000c3f00000| Untracked 
|  16|0x00000000c4000000, 0x00000000c4000000, 0x00000000c4100000|  0%| F|  |TAMS 0x00000000c4000000| PB 0x00000000c4000000| Untracked 
|  17|0x00000000c4100000, 0x00000000c4100000, 0x00000000c4200000|  0%| F|  |TAMS 0x00000000c4100000| PB 0x00000000c4100000| Untracked 
|  18|0x00000000c4200000, 0x00000000c4200000, 0x00000000c4300000|  0%| F|  |TAMS 0x00000000c4200000| PB 0x00000000c4200000| Untracked 
|  19|0x00000000c4300000, 0x00000000c4400000, 0x00000000c4400000|100%| O|  |TAMS 0x00000000c4300000| PB 0x00000000c4300000| Untracked 
|  20|0x00000000c4400000, 0x00000000c4500000, 0x00000000c4500000|100%| O|  |TAMS 0x00000000c4400000| PB 0x00000000c4400000| Untracked 
|  21|0x00000000c4500000, 0x00000000c4600000, 0x00000000c4600000|100%| O|  |TAMS 0x00000000c4500000| PB 0x00000000c4500000| Untracked 
|  22|0x00000000c4600000, 0x00000000c46ac300, 0x00000000c4700000| 67%| O|  |TAMS 0x00000000c4600000| PB 0x00000000c4600000| Untracked 
|  23|0x00000000c4700000, 0x00000000c4700000, 0x00000000c4800000|  0%| F|  |TAMS 0x00000000c4700000| PB 0x00000000c4700000| Untracked 
|  24|0x00000000c4800000, 0x00000000c4800000, 0x00000000c4900000|  0%| F|  |TAMS 0x00000000c4800000| PB 0x00000000c4800000| Untracked 
|  25|0x00000000c4900000, 0x00000000c4900000, 0x00000000c4a00000|  0%| F|  |TAMS 0x00000000c4900000| PB 0x00000000c4900000| Untracked 
|  26|0x00000000c4a00000, 0x00000000c4a00000, 0x00000000c4b00000|  0%| F|  |TAMS 0x00000000c4a00000| PB 0x00000000c4a00000| Untracked 
|  27|0x00000000c4b00000, 0x00000000c4b00000, 0x00000000c4c00000|  0%| F|  |TAMS 0x00000000c4b00000| PB 0x00000000c4b00000| Untracked 
|  28|0x00000000c4c00000, 0x00000000c4c00000, 0x00000000c4d00000|  0%| F|  |TAMS 0x00000000c4c00000| PB 0x00000000c4c00000| Untracked 
|  29|0x00000000c4d00000, 0x00000000c4d00000, 0x00000000c4e00000|  0%| F|  |TAMS 0x00000000c4d00000| PB 0x00000000c4d00000| Untracked 
|  30|0x00000000c4e00000, 0x00000000c4e86eb8, 0x00000000c4f00000| 52%| E|  |TAMS 0x00000000c4e00000| PB 0x00000000c4e00000| Complete 
|  31|0x00000000c4f00000, 0x00000000c5000000, 0x00000000c5000000|100%| E|CS|TAMS 0x00000000c4f00000| PB 0x00000000c4f00000| Complete 
|  32|0x00000000c5000000, 0x00000000c5100000, 0x00000000c5100000|100%| E|CS|TAMS 0x00000000c5000000| PB 0x00000000c5000000| Complete 
|  33|0x00000000c5100000, 0x00000000c5200000, 0x00000000c5200000|100%| E|CS|TAMS 0x00000000c5100000| PB 0x00000000c5100000| Complete 
|  34|0x00000000c5200000, 0x00000000c52dc140, 0x00000000c5300000| 85%| S|CS|TAMS 0x00000000c5200000| PB 0x00000000c5200000| Complete 
|  35|0x00000000c5300000, 0x00000000c5400000, 0x00000000c5400000|100%| S|CS|TAMS 0x00000000c5300000| PB 0x00000000c5300000| Complete 
|  36|0x00000000c5400000, 0x00000000c5500000, 0x00000000c5500000|100%| S|CS|TAMS 0x00000000c5400000| PB 0x00000000c5400000| Complete 
|  37|0x00000000c5500000, 0x00000000c5600000, 0x00000000c5600000|100%| E|CS|TAMS 0x00000000c5500000| PB 0x00000000c5500000| Complete 
|  38|0x00000000c5600000, 0x00000000c5700000, 0x00000000c5700000|100%| E|CS|TAMS 0x00000000c5600000| PB 0x00000000c5600000| Complete 
|  39|0x00000000c5700000, 0x00000000c5800000, 0x00000000c5800000|100%| E|CS|TAMS 0x00000000c5700000| PB 0x00000000c5700000| Complete 
|  40|0x00000000c5800000, 0x00000000c5900000, 0x00000000c5900000|100%| E|  |TAMS 0x00000000c5800000| PB 0x00000000c5800000| Complete 
|  41|0x00000000c5900000, 0x00000000c5a00000, 0x00000000c5a00000|100%| E|CS|TAMS 0x00000000c5900000| PB 0x00000000c5900000| Complete 
|  42|0x00000000c5a00000, 0x00000000c5b00000, 0x00000000c5b00000|100%| E|CS|TAMS 0x00000000c5a00000| PB 0x00000000c5a00000| Complete 
|  43|0x00000000c5b00000, 0x00000000c5c00000, 0x00000000c5c00000|100%| E|CS|TAMS 0x00000000c5b00000| PB 0x00000000c5b00000| Complete 
|  44|0x00000000c5c00000, 0x00000000c5d00000, 0x00000000c5d00000|100%| E|CS|TAMS 0x00000000c5c00000| PB 0x00000000c5c00000| Complete 
|  45|0x00000000c5d00000, 0x00000000c5e00000, 0x00000000c5e00000|100%| E|CS|TAMS 0x00000000c5d00000| PB 0x00000000c5d00000| Complete 
|  46|0x00000000c5e00000, 0x00000000c5f00000, 0x00000000c5f00000|100%| E|CS|TAMS 0x00000000c5e00000| PB 0x00000000c5e00000| Complete 
|  47|0x00000000c5f00000, 0x00000000c6000000, 0x00000000c6000000|100%| E|CS|TAMS 0x00000000c5f00000| PB 0x00000000c5f00000| Complete 
|  48|0x00000000c6000000, 0x00000000c6100000, 0x00000000c6100000|100%| E|CS|TAMS 0x00000000c6000000| PB 0x00000000c6000000| Complete 
|  49|0x00000000c6100000, 0x00000000c6200000, 0x00000000c6200000|100%| E|CS|TAMS 0x00000000c6100000| PB 0x00000000c6100000| Complete 
|  50|0x00000000c6200000, 0x00000000c6300000, 0x00000000c6300000|100%| E|CS|TAMS 0x00000000c6200000| PB 0x00000000c6200000| Complete 
|  51|0x00000000c6300000, 0x00000000c6400000, 0x00000000c6400000|100%| E|CS|TAMS 0x00000000c6300000| PB 0x00000000c6300000| Complete 
|  52|0x00000000c6400000, 0x00000000c6500000, 0x00000000c6500000|100%| E|CS|TAMS 0x00000000c6400000| PB 0x00000000c6400000| Complete 
|  61|0x00000000c6d00000, 0x00000000c6e00000, 0x00000000c6e00000|100%| E|CS|TAMS 0x00000000c6d00000| PB 0x00000000c6d00000| Complete 

Card table byte_map: [0x0000025149050000,0x0000025149240000] _byte_map_base: 0x0000025148a38000

Marking Bits: (CMBitMap*) 0x00000251316ce480
 Bits: [0x0000025149240000, 0x000002514a180000)

Polling page: 0x000002512f5c0000

Metaspace:

Usage:
  Non-class:     35.16 MB used.
      Class:      5.22 MB used.
       Both:     40.38 MB used.

Virtual space:
  Non-class space:       64.00 MB reserved,      35.44 MB ( 55%) committed,  1 nodes.
      Class space:        1.00 GB reserved,       5.44 MB ( <1%) committed,  1 nodes.
             Both:        1.06 GB reserved,      40.88 MB (  4%) committed. 

Chunk freelists:
   Non-Class:  12.39 MB
       Class:  10.51 MB
        Both:  22.90 MB

MaxMetaspaceSize: unlimited
CompressedClassSpaceSize: 1.00 GB
Initial GC threshold: 21.00 MB
Current GC threshold: 59.00 MB
CDS: on
 - commit_granule_bytes: 65536.
 - commit_granule_words: 8192.
 - virtual_space_node_default_size: 8388608.
 - enlarge_chunks_in_place: 1.
 - use_allocation_guard: 0.


Internal statistics:

num_allocs_failed_limit: 6.
num_arena_births: 706.
num_arena_deaths: 0.
num_vsnodes_births: 2.
num_vsnodes_deaths: 0.
num_space_committed: 654.
num_space_uncommitted: 0.
num_chunks_returned_to_freelist: 6.
num_chunks_taken_from_freelist: 2201.
num_chunk_merges: 6.
num_chunk_splits: 1546.
num_chunks_enlarged: 1151.
num_inconsistent_stats: 0.

CodeHeap 'non-profiled nmethods': size=120000Kb used=2560Kb max_used=2578Kb free=117440Kb
 bounds [0x00000251415f0000, 0x0000025141880000, 0x0000025148b20000]
CodeHeap 'profiled nmethods': size=120000Kb used=8700Kb max_used=9437Kb free=111299Kb
 bounds [0x0000025139b20000, 0x000002513a460000, 0x0000025141050000]
CodeHeap 'non-nmethods': size=5760Kb used=1526Kb max_used=1546Kb free=4234Kb
 bounds [0x0000025141050000, 0x00000251412c0000, 0x00000251415f0000]
 total_blobs=4848 nmethods=4252 adapters=500
 compilation: enabled
              stopped_count=0, restarted_count=0
 full_count=0

Compilation events (20 events):
Event: 23.621 Thread 0x000002514cb584c0 4650       3       ch.qos.logback.core.pattern.FormattingConverter::write (154 bytes)
Event: 23.623 Thread 0x000002514cb584c0 nmethod 4650 0x0000025139b42c90 code [0x0000025139b43000, 0x0000025139b44098]
Event: 23.624 Thread 0x000002514cb584c0 4651       1       java.time.temporal.ValueRange::getMinimum (5 bytes)
Event: 23.624 Thread 0x000002514cb584c0 nmethod 4651 0x00000251416d3e10 code [0x00000251416d3fa0, 0x00000251416d4068]
Event: 23.624 Thread 0x000002514cb584c0 4652       1       java.time.temporal.ValueRange::getMaximum (5 bytes)
Event: 23.624 Thread 0x000002514cb584c0 nmethod 4652 0x00000251416d3a10 code [0x00000251416d3ba0, 0x00000251416d3c68]
Event: 23.634 Thread 0x000002514cb584c0 4653       3       java.util.TreeMap::colorOf (13 bytes)
Event: 23.634 Thread 0x000002514cb584c0 nmethod 4653 0x0000025139d39010 code [0x0000025139d391a0, 0x0000025139d392e8]
Event: 23.634 Thread 0x000002514cb584c0 4654       3       java.util.TreeMap::successor (66 bytes)
Event: 23.634 Thread 0x000002514cb584c0 nmethod 4654 0x0000025139ef8b90 code [0x0000025139ef8d60, 0x0000025139ef90b0]
Event: 23.634 Thread 0x000002514cb584c0 4656       3       java.util.TreeMap::rightOf (13 bytes)
Event: 23.634 Thread 0x000002514cb584c0 nmethod 4656 0x0000025139eba290 code [0x0000025139eba440, 0x0000025139eba5b0]
Event: 23.635 Thread 0x000002514cb584c0 4655       3       java.util.TreeMap$PrivateEntryIterator::nextEntry (54 bytes)
Event: 23.635 Thread 0x000002514cb584c0 nmethod 4655 0x0000025139fa0710 code [0x0000025139fa0900, 0x0000025139fa0d40]
Event: 23.635 Thread 0x000002514cb584c0 4657       3       java.util.Arrays$ArrayList::indexOf (62 bytes)
Event: 23.635 Thread 0x000002514cb584c0 nmethod 4657 0x0000025139c46f10 code [0x0000025139c47100, 0x0000025139c47580]
Event: 23.635 Thread 0x000002514cb584c0 4658       3       java.util.TreeMap$KeyIterator::next (8 bytes)
Event: 23.636 Thread 0x000002514cb584c0 nmethod 4658 0x0000025139f30510 code [0x0000025139f306c0, 0x0000025139f30800]
Event: 23.636 Thread 0x000002514cb584c0 4660       3       java.util.Arrays$ArrayList::contains (14 bytes)
Event: 23.636 Thread 0x000002514cb584c0 nmethod 4660 0x0000025139f74910 code [0x0000025139f74ac0, 0x0000025139f74c70]

GC Heap History (14 events):
Event: 4.220 GC heap before
{Heap before GC invocations=0 (full 0):
 garbage-first heap   total 63488K, used 24576K [0x00000000c3000000, 0x0000000100000000)
  region size 1024K, 23 young (23552K), 0 survivors (0K)
 Metaspace       used 5224K, committed 5440K, reserved 1114112K
  class space    used 588K, committed 704K, reserved 1048576K
}
Event: 4.235 GC heap after
{Heap after GC invocations=1 (full 0):
 garbage-first heap   total 63488K, used 7675K [0x00000000c3000000, 0x0000000100000000)
  region size 1024K, 3 young (3072K), 3 survivors (3072K)
 Metaspace       used 5224K, committed 5440K, reserved 1114112K
  class space    used 588K, committed 704K, reserved 1048576K
}
Event: 5.700 GC heap before
{Heap before GC invocations=1 (full 0):
 garbage-first heap   total 63488K, used 33275K [0x00000000c3000000, 0x0000000100000000)
  region size 1024K, 29 young (29696K), 3 survivors (3072K)
 Metaspace       used 12341K, committed 12608K, reserved 1114112K
  class space    used 1486K, committed 1600K, reserved 1048576K
}
Event: 5.711 GC heap after
{Heap after GC invocations=2 (full 0):
 garbage-first heap   total 63488K, used 10046K [0x00000000c3000000, 0x0000000100000000)
  region size 1024K, 3 young (3072K), 3 survivors (3072K)
 Metaspace       used 12341K, committed 12608K, reserved 1114112K
  class space    used 1486K, committed 1600K, reserved 1048576K
}
Event: 9.491 GC heap before
{Heap before GC invocations=2 (full 0):
 garbage-first heap   total 63488K, used 41790K [0x00000000c3000000, 0x0000000100000000)
  region size 1024K, 35 young (35840K), 3 survivors (3072K)
 Metaspace       used 19268K, committed 19584K, reserved 1114112K
  class space    used 2320K, committed 2432K, reserved 1048576K
}
Event: 9.503 GC heap after
{Heap after GC invocations=3 (full 0):
 garbage-first heap   total 63488K, used 13545K [0x00000000c3000000, 0x0000000100000000)
  region size 1024K, 5 young (5120K), 5 survivors (5120K)
 Metaspace       used 19268K, committed 19584K, reserved 1114112K
  class space    used 2320K, committed 2432K, reserved 1048576K
}
Event: 12.275 GC heap before
{Heap before GC invocations=3 (full 0):
 garbage-first heap   total 63488K, used 33001K [0x00000000c3000000, 0x0000000100000000)
  region size 1024K, 25 young (25600K), 5 survivors (5120K)
 Metaspace       used 21236K, committed 21504K, reserved 1114112K
  class space    used 2546K, committed 2688K, reserved 1048576K
}
Event: 12.287 GC heap after
{Heap after GC invocations=4 (full 0):
 garbage-first heap   total 63488K, used 15243K [0x00000000c3000000, 0x0000000100000000)
  region size 1024K, 2 young (2048K), 2 survivors (2048K)
 Metaspace       used 21236K, committed 21504K, reserved 1114112K
  class space    used 2546K, committed 2688K, reserved 1048576K
}
Event: 14.773 GC heap before
{Heap before GC invocations=5 (full 0):
 garbage-first heap   total 55296K, used 48011K [0x00000000c3000000, 0x0000000100000000)
  region size 1024K, 35 young (35840K), 2 survivors (2048K)
 Metaspace       used 26965K, committed 27456K, reserved 1114112K
  class space    used 3356K, committed 3584K, reserved 1048576K
}
Event: 14.785 GC heap after
{Heap after GC invocations=6 (full 0):
 garbage-first heap   total 55296K, used 18158K [0x00000000c3000000, 0x0000000100000000)
  region size 1024K, 5 young (5120K), 5 survivors (5120K)
 Metaspace       used 26965K, committed 27456K, reserved 1114112K
  class space    used 3356K, committed 3584K, reserved 1048576K
}
Event: 19.191 GC heap before
{Heap before GC invocations=6 (full 0):
 garbage-first heap   total 55296K, used 42734K [0x00000000c3000000, 0x0000000100000000)
  region size 1024K, 30 young (30720K), 5 survivors (5120K)
 Metaspace       used 30812K, committed 31296K, reserved 1114112K
  class space    used 3852K, committed 4032K, reserved 1048576K
}
Event: 19.213 GC heap after
{Heap after GC invocations=7 (full 0):
 garbage-first heap   total 55296K, used 20579K [0x00000000c3000000, 0x0000000100000000)
  region size 1024K, 3 young (3072K), 3 survivors (3072K)
 Metaspace       used 30812K, committed 31296K, reserved 1114112K
  class space    used 3852K, committed 4032K, reserved 1048576K
}
Event: 21.917 GC heap before
{Heap before GC invocations=7 (full 0):
 garbage-first heap   total 55296K, used 36963K [0x00000000c3000000, 0x0000000100000000)
  region size 1024K, 20 young (20480K), 3 survivors (3072K)
 Metaspace       used 35609K, committed 36160K, reserved 1114112K
  class space    used 4524K, committed 4800K, reserved 1048576K
}
Event: 21.924 GC heap after
{Heap after GC invocations=8 (full 0):
 garbage-first heap   total 55296K, used 20966K [0x00000000c3000000, 0x0000000100000000)
  region size 1024K, 3 young (3072K), 3 survivors (3072K)
 Metaspace       used 35609K, committed 36160K, reserved 1114112K
  class space    used 4524K, committed 4800K, reserved 1048576K
}

Dll operation events (14 events):
Event: 0.039 Loaded shared library C:\Program Files\Java\jdk-21\bin\java.dll
Event: 0.145 Loaded shared library C:\Program Files\Java\jdk-21\bin\jsvml.dll
Event: 0.439 Loaded shared library C:\Program Files\Java\jdk-21\bin\zip.dll
Event: 0.457 Loaded shared library C:\Program Files\Java\jdk-21\bin\instrument.dll
Event: 0.474 Loaded shared library C:\Program Files\Java\jdk-21\bin\net.dll
Event: 0.479 Loaded shared library C:\Program Files\Java\jdk-21\bin\nio.dll
Event: 0.503 Loaded shared library C:\Program Files\Java\jdk-21\bin\zip.dll
Event: 2.310 Loaded shared library C:\Program Files\JetBrains\IntelliJ IDEA Community Edition 2020.3.3\bin\breakgen64.dll
Event: 2.405 Loaded shared library C:\Program Files\Java\jdk-21\bin\extnet.dll
Event: 2.594 Loaded shared library C:\Program Files\Java\jdk-21\bin\jimage.dll
Event: 3.930 Loaded shared library C:\Program Files\Java\jdk-21\bin\management.dll
Event: 3.940 Loaded shared library C:\Program Files\Java\jdk-21\bin\management_ext.dll
Event: 8.199 Loaded shared library C:\Program Files\Java\jdk-21\bin\sunmscapi.dll
Event: 21.964 Loaded shared library C:\Program Files\Java\jdk-21\bin\verify.dll

Deoptimization events (20 events):
Event: 23.409 Thread 0x00000251926d2d20 Uncommon trap: trap_request=0xffffff45 fr.pc=0x0000025141629d4c relative=0x000000000000056c
Event: 23.409 Thread 0x00000251926d2d20 Uncommon trap: reason=unstable_if action=reinterpret pc=0x0000025141629d4c method=java.lang.AbstractStringBuilder.inflateIfNeededFor(Ljava/lang/String;)V @ 14 c2
Event: 23.409 Thread 0x00000251926d2d20 DEOPT PACKING pc=0x0000025141629d4c sp=0x000000c5b8afbd20
Event: 23.409 Thread 0x00000251926d2d20 DEOPT UNPACKING pc=0x00000251410a46a2 sp=0x000000c5b8afbbd0 mode 2
Event: 23.409 Thread 0x00000251926d2d20 Uncommon trap: trap_request=0xffffff45 fr.pc=0x000002514167c578 relative=0x0000000000000538
Event: 23.409 Thread 0x00000251926d2d20 Uncommon trap: reason=unstable_if action=reinterpret pc=0x000002514167c578 method=java.lang.AbstractStringBuilder.isLatin1()Z @ 10 c2
Event: 23.409 Thread 0x00000251926d2d20 DEOPT PACKING pc=0x000002514167c578 sp=0x000000c5b8afbd30
Event: 23.409 Thread 0x00000251926d2d20 DEOPT UNPACKING pc=0x00000251410a46a2 sp=0x000000c5b8afbbc8 mode 2
Event: 23.409 Thread 0x00000251926d2d20 Uncommon trap: trap_request=0xffffff45 fr.pc=0x0000025141638fd0 relative=0x0000000000000570
Event: 23.409 Thread 0x00000251926d2d20 Uncommon trap: reason=unstable_if action=reinterpret pc=0x0000025141638fd0 method=java.lang.AbstractStringBuilder.inflateIfNeededFor(Ljava/lang/String;)V @ 14 c2
Event: 23.409 Thread 0x00000251926d2d20 DEOPT PACKING pc=0x0000025141638fd0 sp=0x000000c5b8afbcc0
Event: 23.409 Thread 0x00000251926d2d20 DEOPT UNPACKING pc=0x00000251410a46a2 sp=0x000000c5b8afbbc8 mode 2
Event: 23.586 Thread 0x00000251926d2d20 Uncommon trap: trap_request=0xffffff45 fr.pc=0x00000251418117c4 relative=0x00000000000011e4
Event: 23.586 Thread 0x00000251926d2d20 Uncommon trap: reason=unstable_if action=reinterpret pc=0x00000251418117c4 method=java.lang.String.<init>(Ljava/nio/charset/Charset;[BII)V @ 6 c2
Event: 23.586 Thread 0x00000251926d2d20 DEOPT PACKING pc=0x00000251418117c4 sp=0x000000c5b8afcea0
Event: 23.586 Thread 0x00000251926d2d20 DEOPT UNPACKING pc=0x00000251410a46a2 sp=0x000000c5b8afce50 mode 2
Event: 23.593 Thread 0x00000251926d2d20 Uncommon trap: trap_request=0xffffff45 fr.pc=0x00000251416edf30 relative=0x0000000000000270
Event: 23.593 Thread 0x00000251926d2d20 Uncommon trap: reason=unstable_if action=reinterpret pc=0x00000251416edf30 method=java.lang.String.getChars(II[CI)V @ 24 c2
Event: 23.593 Thread 0x00000251926d2d20 DEOPT PACKING pc=0x00000251416edf30 sp=0x000000c5b8afd190
Event: 23.593 Thread 0x00000251926d2d20 DEOPT UNPACKING pc=0x00000251410a46a2 sp=0x000000c5b8afd150 mode 2

Classes loaded (20 events):
Event: 23.441 Loading class sun/nio/cs/UTF_32
Event: 23.442 Loading class sun/nio/cs/UTF_32 done
Event: 23.458 Loading class java/security/DigestException
Event: 23.459 Loading class java/security/DigestException done
Event: 23.464 Loading class javax/security/sasl/SaslException
Event: 23.468 Loading class javax/security/sasl/SaslException done
Event: 23.470 Loading class javax/security/auth/callback/UnsupportedCallbackException
Event: 23.470 Loading class javax/security/auth/callback/UnsupportedCallbackException done
Event: 23.471 Loading class javax/security/auth/login/Configuration
Event: 23.471 Loading class javax/security/auth/login/Configuration done
Event: 23.472 Loading class javax/security/auth/callback/Callback
Event: 23.472 Loading class javax/security/auth/callback/Callback done
Event: 23.617 Loading class java/util/concurrent/ThreadPoolExecutor$CallerRunsPolicy
Event: 23.618 Loading class java/util/concurrent/ThreadPoolExecutor$CallerRunsPolicy done
Event: 23.619 Loading class java/util/concurrent/atomic/AtomicReferenceFieldUpdater
Event: 23.620 Loading class java/util/concurrent/atomic/AtomicReferenceFieldUpdater done
Event: 23.620 Loading class java/util/concurrent/atomic/AtomicReferenceFieldUpdater$AtomicReferenceFieldUpdaterImpl
Event: 23.620 Loading class java/util/concurrent/atomic/AtomicReferenceFieldUpdater$AtomicReferenceFieldUpdaterImpl done
Event: 23.620 Loading class java/util/concurrent/atomic/AtomicReferenceFieldUpdater$AtomicReferenceFieldUpdaterImpl$1
Event: 23.620 Loading class java/util/concurrent/atomic/AtomicReferenceFieldUpdater$AtomicReferenceFieldUpdaterImpl$1 done

Classes unloaded (0 events):
No events

Classes redefined (0 events):
No events

Internal exceptions (20 events):
Event: 14.804 Thread 0x00000251926d2d20 Exception <a 'java/lang/IncompatibleClassChangeError'{0x00000000c6d39508}: Found class java.lang.Object, but interface was expected> (0x00000000c6d39508) 
thrown [s\open\src\hotspot\share\interpreter\linkResolver.cpp, line 840]
Event: 14.807 Thread 0x00000251926d2d20 Exception <a 'java/lang/NoSuchMethodError'{0x00000000c6d47618}: 'int java.lang.invoke.DirectMethodHandle$Holder.invokeSpecialIFC(java.lang.Object, java.lang.Object, java.lang.Object)'> (0x00000000c6d47618) 
thrown [s\open\src\hotspot\share\interpreter\linkResolver.cpp, line 773]
Event: 14.816 Thread 0x00000251926d2d20 Exception <a 'java/lang/NoSuchMethodError'{0x00000000c6d5c480}: 'void java.lang.invoke.DirectMethodHandle$Holder.invokeStatic(java.lang.Object, int, java.lang.Object)'> (0x00000000c6d5c480) 
thrown [s\open\src\hotspot\share\interpreter\linkResolver.cpp, line 773]
Event: 15.050 Thread 0x00000251926d2d20 Exception <a 'java/lang/NoSuchMethodError'{0x00000000c6422258}: 'int java.lang.invoke.DirectMethodHandle$Holder.invokeSpecial(java.lang.Object, java.lang.Object, int)'> (0x00000000c6422258) 
thrown [s\open\src\hotspot\share\interpreter\linkResolver.cpp, line 773]
Event: 15.064 Thread 0x00000251926d2d20 Exception <a 'java/lang/NoSuchMethodError'{0x00000000c64309a0}: 'void java.lang.invoke.DirectMethodHandle$Holder.invokeStatic(java.lang.Object, java.lang.Object, java.lang.Object, int, java.lang.Object)'> (0x00000000c64309a0) 
thrown [s\open\src\hotspot\share\interpreter\linkResolver.cpp, line 773]
Event: 15.065 Thread 0x00000251926d2d20 Exception <a 'java/lang/NoSuchMethodError'{0x00000000c6437200}: 'java.lang.Object java.lang.invoke.DirectMethodHandle$Holder.newInvokeSpecial(java.lang.Object, java.lang.Object, java.lang.Object, int)'> (0x00000000c6437200) 
thrown [s\open\src\hotspot\share\interpreter\linkResolver.cpp, line 773]
Event: 15.066 Thread 0x00000251926d2d20 Exception <a 'java/lang/NoSuchMethodError'{0x00000000c643b090}: 'java.lang.Object java.lang.invoke.DirectMethodHandle$Holder.invokeSpecial(java.lang.Object, java.lang.Object, java.lang.Object, java.lang.Object, int)'> (0x00000000c643b090) 
thrown [s\open\src\hotspot\share\interpreter\linkResolver.cpp, line 773]
Event: 15.066 Thread 0x00000251926d2d20 Exception <a 'java/lang/NoSuchMethodError'{0x00000000c643e528}: 'java.lang.Object java.lang.invoke.Invokers$Holder.linkToTargetMethod(java.lang.Object, java.lang.Object, int, java.lang.Object)'> (0x00000000c643e528) 
thrown [s\open\src\hotspot\share\interpreter\linkResolver.cpp, line 773]
Event: 16.343 Thread 0x00000251926d2d20 Exception <a 'java/lang/NoSuchMethodError'{0x00000000c61edc58}: 'java.lang.Object java.lang.invoke.DirectMethodHandle$Holder.invokeStaticInit(java.lang.Object, int, int, int, int)'> (0x00000000c61edc58) 
thrown [s\open\src\hotspot\share\interpreter\linkResolver.cpp, line 773]
Event: 16.888 Thread 0x00000251926d2d20 Exception <a 'java/lang/NoSuchMethodError'{0x00000000c60b9d10}: 'java.lang.Object java.lang.invoke.DirectMethodHandle$Holder.invokeStaticInit(java.lang.Object, java.lang.Object, int, int, int, int)'> (0x00000000c60b9d10) 
thrown [s\open\src\hotspot\share\interpreter\linkResolver.cpp, line 773]
Event: 17.727 Thread 0x00000251926d2d20 Exception <a 'java/lang/NoSuchMethodError'{0x00000000c59fa6c8}: 'int java.lang.invoke.DirectMethodHandle$Holder.invokeVirtual(java.lang.Object, java.lang.Object, java.lang.Object, java.lang.Object)'> (0x00000000c59fa6c8) 
thrown [s\open\src\hotspot\share\interpreter\linkResolver.cpp, line 773]
Event: 17.728 Thread 0x00000251926d2d20 Exception <a 'java/lang/NoSuchMethodError'{0x00000000c59fe388}: 'int java.lang.invoke.DelegatingMethodHandle$Holder.reinvoke_L(java.lang.Object, java.lang.Object, java.lang.Object, java.lang.Object)'> (0x00000000c59fe388) 
thrown [s\open\src\hotspot\share\interpreter\linkResolver.cpp, line 773]
Event: 17.830 Thread 0x00000251926d2d20 Exception <a 'java/io/FileNotFoundException'{0x00000000c5709480}> (0x00000000c5709480) 
thrown [s\open\src\hotspot\share\prims\jni.cpp, line 520]
Event: 18.339 Thread 0x00000251926d2d20 Exception <a 'java/lang/NoSuchMethodError'{0x00000000c5546618}: 'int java.lang.invoke.DirectMethodHandle$Holder.invokeInterface(java.lang.Object, java.lang.Object, java.lang.Object, java.lang.Object)'> (0x00000000c5546618) 
thrown [s\open\src\hotspot\share\interpreter\linkResolver.cpp, line 773]
Event: 18.490 Thread 0x00000251926d2d20 Exception <a 'java/lang/NoSuchMethodError'{0x00000000c5380658}: 'long java.lang.invoke.DirectMethodHandle$Holder.invokeVirtual(java.lang.Object, java.lang.Object)'> (0x00000000c5380658) 
thrown [s\open\src\hotspot\share\interpreter\linkResolver.cpp, line 773]
Event: 18.503 Thread 0x00000251926d2d20 Exception <a 'java/io/FileNotFoundException'{0x00000000c53a9a08}> (0x00000000c53a9a08) 
thrown [s\open\src\hotspot\share\prims\jni.cpp, line 520]
Event: 19.072 Thread 0x00000251926d2d20 Exception <a 'java/lang/NoSuchMethodError'{0x00000000c4d54370}: 'java.lang.Object java.lang.invoke.DirectMethodHandle$Holder.newInvokeSpecial(java.lang.Object, java.lang.Object, java.lang.Object, java.lang.Object, java.lang.Object, java.lang.Object, java.lang.Object, java.lang.Object, java.lang.Object, java.lang.Object, java.lang.Object)'> (0x00000000c4d54370) 
thrown [s\open\src\hotspot\share\interpreter\linkResolver.cpp, line 773]
Event: 19.959 Thread 0x00000251926d2d20 Exception <a 'java/lang/NoSuchMethodError'{0x00000000c63f3308}: 'void java.lang.invoke.DelegatingMethodHandle$Holder.reinvoke_L(java.lang.Object, java.lang.Object, java.lang.Object, java.lang.Object, int, java.lang.Object, java.lang.Object, java.lang.Object)'> (0x00000000c63f3308) 
thrown [s\open\src\hotspot\share\interpreter\linkResolver.cpp, line 773]
Event: 22.839 Thread 0x00000251926d2d20 Exception <a 'java/lang/NoSuchMethodError'{0x00000000c5c7ff20}: 'int java.lang.invoke.DirectMethodHandle$Holder.invokeStatic(java.lang.Object)'> (0x00000000c5c7ff20) 
thrown [s\open\src\hotspot\share\interpreter\linkResolver.cpp, line 773]
Event: 22.859 Thread 0x00000251926d2d20 Implicit null exception at 0x00000251417323b6 to 0x00000251417329e0

ZGC Phase Switch (0 events):
No events

VM Operations (20 events):
Event: 18.415 Executing VM operation: HandshakeAllThreads (Deoptimize)
Event: 18.415 Executing VM operation: HandshakeAllThreads (Deoptimize) done
Event: 18.516 Executing VM operation: HandshakeAllThreads (Deoptimize)
Event: 18.516 Executing VM operation: HandshakeAllThreads (Deoptimize) done
Event: 19.191 Executing VM operation: G1CollectForAllocation (G1 Evacuation Pause)
Event: 19.218 Executing VM operation: G1CollectForAllocation (G1 Evacuation Pause) done
Event: 20.220 Executing VM operation: Cleanup
Event: 20.220 Executing VM operation: Cleanup done
Event: 20.547 Executing VM operation: HandshakeAllThreads (Deoptimize)
Event: 20.547 Executing VM operation: HandshakeAllThreads (Deoptimize) done
Event: 21.551 Executing VM operation: Cleanup
Event: 21.551 Executing VM operation: Cleanup done
Event: 21.917 Executing VM operation: CollectForMetadataAllocation (Metadata GC Threshold)
Event: 21.924 Executing VM operation: CollectForMetadataAllocation (Metadata GC Threshold) done
Event: 21.967 Executing VM operation: G1PauseRemark
Event: 21.997 Executing VM operation: G1PauseRemark done
Event: 22.012 Executing VM operation: G1PauseCleanup
Event: 22.014 Executing VM operation: G1PauseCleanup done
Event: 23.022 Executing VM operation: Cleanup
Event: 23.023 Executing VM operation: Cleanup done

Events (20 events):
Event: 21.995 Thread 0x000002514cb335c0 flushing nmethod 0x0000025139d57690
Event: 21.995 Thread 0x000002514cb335c0 flushing nmethod 0x0000025139d58790
Event: 21.995 Thread 0x000002514cb335c0 flushing nmethod 0x0000025139d59390
Event: 21.995 Thread 0x000002514cb335c0 flushing nmethod 0x0000025139d59d10
Event: 21.995 Thread 0x000002514cb335c0 flushing nmethod 0x0000025139d5a990
Event: 21.995 Thread 0x000002514cb335c0 flushing nmethod 0x0000025139d5c710
Event: 21.995 Thread 0x000002514cb335c0 flushing nmethod 0x0000025139d92710
Event: 21.995 Thread 0x000002514cb335c0 flushing nmethod 0x0000025139dc4a10
Event: 21.995 Thread 0x000002514cb335c0 flushing nmethod 0x0000025139dc7510
Event: 21.995 Thread 0x000002514cb335c0 flushing nmethod 0x0000025139debc10
Event: 21.995 Thread 0x000002514cb335c0 flushing nmethod 0x0000025139df1e90
Event: 21.995 Thread 0x000002514cb335c0 flushing nmethod 0x0000025139e39a10
Event: 21.995 Thread 0x000002514cb335c0 flushing nmethod 0x0000025139e5a090
Event: 21.995 Thread 0x000002514cb335c0 flushing nmethod 0x0000025139ee6390
Event: 21.995 Thread 0x000002514cb335c0 flushing nmethod 0x0000025139ee7b10
Event: 21.995 Thread 0x000002514cb335c0 flushing nmethod 0x0000025139fa0710
Event: 21.995 Thread 0x000002514cb335c0 flushing nmethod 0x0000025139fa2510
Event: 21.995 Thread 0x000002514cb335c0 flushing nmethod 0x0000025139fa3a90
Event: 21.995 Thread 0x000002514cb335c0 flushing nmethod 0x000002513a094c90
Event: 23.611 Thread 0x00000251947b03a0 Thread added: 0x00000251947b03a0


Dynamic libraries:
0x00007ff75bf10000 - 0x00007ff75bf20000 	C:\Program Files\Java\jdk-21\bin\java.exe
0x00007ff805930000 - 0x00007ff805b47000 	C:\WINDOWS\SYSTEM32\ntdll.dll
0x00007ff804e20000 - 0x00007ff804ee4000 	C:\WINDOWS\System32\KERNEL32.DLL
0x00007ff8030a0000 - 0x00007ff803472000 	C:\WINDOWS\System32\KERNELBASE.dll
0x00007ff802c30000 - 0x00007ff802d41000 	C:\WINDOWS\System32\ucrtbase.dll
0x00007ffffbfd0000 - 0x00007ffffbfeb000 	C:\Program Files\Java\jdk-21\bin\VCRUNTIME140.dll
0x00007ffffbd30000 - 0x00007ffffbd49000 	C:\Program Files\Java\jdk-21\bin\jli.dll
0x00007ff8052d0000 - 0x00007ff805381000 	C:\WINDOWS\System32\ADVAPI32.dll
0x00007ff805120000 - 0x00007ff8051c7000 	C:\WINDOWS\System32\msvcrt.dll
0x00007ff803830000 - 0x00007ff8038d8000 	C:\WINDOWS\System32\sechost.dll
0x00007ff802a20000 - 0x00007ff802a48000 	C:\WINDOWS\System32\bcrypt.dll
0x00007ff8038e0000 - 0x00007ff8039f7000 	C:\WINDOWS\System32\RPCRT4.dll
0x00007ff805730000 - 0x00007ff8058e1000 	C:\WINDOWS\System32\USER32.dll
0x00007ff802d50000 - 0x00007ff802d76000 	C:\WINDOWS\System32\win32u.dll
0x00007fffe5bf0000 - 0x00007fffe5e8b000 	C:\WINDOWS\WinSxS\amd64_microsoft.windows.common-controls_6595b64144ccf1df_6.0.22621.5697_none_27154c497380d676\COMCTL32.dll
0x00007ff8050f0000 - 0x00007ff805119000 	C:\WINDOWS\System32\GDI32.dll
0x00007ff802d80000 - 0x00007ff802ea3000 	C:\WINDOWS\System32\gdi32full.dll
0x00007ff802b10000 - 0x00007ff802baa000 	C:\WINDOWS\System32\msvcp_win.dll
0x00007ffffe470000 - 0x00007ffffe47a000 	C:\WINDOWS\SYSTEM32\VERSION.dll
0x00007ff804dd0000 - 0x00007ff804e01000 	C:\WINDOWS\System32\IMM32.DLL
0x00007ffffbf60000 - 0x00007ffffbf6c000 	C:\Program Files\Java\jdk-21\bin\vcruntime140_1.dll
0x00007fffe5b60000 - 0x00007fffe5bee000 	C:\Program Files\Java\jdk-21\bin\msvcp140.dll
0x00007fffb8210000 - 0x00007fffb8f2a000 	C:\Program Files\Java\jdk-21\bin\server\jvm.dll
0x00007ff805250000 - 0x00007ff8052c1000 	C:\WINDOWS\System32\WS2_32.dll
0x00007ff802740000 - 0x00007ff80278d000 	C:\WINDOWS\SYSTEM32\POWRPROF.dll
0x00007ffffe380000 - 0x00007ffffe3b4000 	C:\WINDOWS\SYSTEM32\WINMM.dll
0x00007ff802720000 - 0x00007ff802733000 	C:\WINDOWS\SYSTEM32\UMPDC.dll
0x00007ff801a00000 - 0x00007ff801a18000 	C:\WINDOWS\SYSTEM32\kernel.appcore.dll
0x00007ffffbb50000 - 0x00007ffffbb5a000 	C:\Program Files\Java\jdk-21\bin\jimage.dll
0x00007ff800420000 - 0x00007ff800653000 	C:\WINDOWS\SYSTEM32\DBGHELP.DLL
0x00007ff805390000 - 0x00007ff805722000 	C:\WINDOWS\System32\combase.dll
0x00007ff805010000 - 0x00007ff8050e8000 	C:\WINDOWS\System32\OLEAUT32.dll
0x00007ffffb780000 - 0x00007ffffb7b2000 	C:\WINDOWS\SYSTEM32\dbgcore.DLL
0x00007ff802bb0000 - 0x00007ff802c2b000 	C:\WINDOWS\System32\bcryptPrimitives.dll
0x00007ffffbaa0000 - 0x00007ffffbaaf000 	C:\Program Files\Java\jdk-21\bin\instrument.dll
0x00007ffffbb30000 - 0x00007ffffbb4f000 	C:\Program Files\Java\jdk-21\bin\java.dll
0x00007ff8040e0000 - 0x00007ff804981000 	C:\WINDOWS\System32\SHELL32.dll
0x00007ff803480000 - 0x00007ff8035bf000 	C:\WINDOWS\System32\wintypes.dll
0x00007ff8008f0000 - 0x00007ff80120a000 	C:\WINDOWS\SYSTEM32\windows.storage.dll
0x00007ff804f00000 - 0x00007ff80500b000 	C:\WINDOWS\System32\SHCORE.dll
0x00007ff8037c0000 - 0x00007ff803829000 	C:\WINDOWS\System32\shlwapi.dll
0x00007ff802950000 - 0x00007ff80297b000 	C:\WINDOWS\SYSTEM32\profapi.dll
0x00007fffd7120000 - 0x00007fffd71f7000 	C:\Program Files\Java\jdk-21\bin\jsvml.dll
0x00007ffffbac0000 - 0x00007ffffbad8000 	C:\Program Files\Java\jdk-21\bin\zip.dll
0x00007ffffbb20000 - 0x00007ffffbb30000 	C:\Program Files\Java\jdk-21\bin\net.dll
0x00007ffffe190000 - 0x00007ffffe2bc000 	C:\WINDOWS\SYSTEM32\WINHTTP.dll
0x00007ff801ed0000 - 0x00007ff801f39000 	C:\WINDOWS\system32\mswsock.dll
0x00007ffffbae0000 - 0x00007ffffbaf6000 	C:\Program Files\Java\jdk-21\bin\nio.dll
0x00007ffffba80000 - 0x00007ffffba9a000 	C:\Program Files\JetBrains\IntelliJ IDEA Community Edition 2020.3.3\bin\breakgen64.dll
0x00007ffffa3c0000 - 0x00007ffffa3c9000 	C:\Program Files\Java\jdk-21\bin\extnet.dll
0x00007ffff84d0000 - 0x00007ffff84da000 	C:\Program Files\Java\jdk-21\bin\management.dll
0x00007ffff36b0000 - 0x00007ffff36bb000 	C:\Program Files\Java\jdk-21\bin\management_ext.dll
0x00007ff803a60000 - 0x00007ff803a68000 	C:\WINDOWS\System32\PSAPI.DLL
0x00007ffffbab0000 - 0x00007ffffbabe000 	C:\Program Files\Java\jdk-21\bin\sunmscapi.dll
0x00007ff802eb0000 - 0x00007ff803018000 	C:\WINDOWS\System32\CRYPT32.dll
0x00007ff802350000 - 0x00007ff80237d000 	C:\WINDOWS\SYSTEM32\ncrypt.dll
0x00007ff802310000 - 0x00007ff802347000 	C:\WINDOWS\SYSTEM32\NTASN1.dll
0x00007ff802120000 - 0x00007ff80213b000 	C:\WINDOWS\SYSTEM32\CRYPTSP.dll
0x00007ff801960000 - 0x00007ff801997000 	C:\WINDOWS\system32\rsaenh.dll
0x00007ff801fc0000 - 0x00007ff801fe8000 	C:\WINDOWS\SYSTEM32\USERENV.dll
0x00007ff802140000 - 0x00007ff80214c000 	C:\WINDOWS\SYSTEM32\CRYPTBASE.dll
0x00007ff801470000 - 0x00007ff80149d000 	C:\WINDOWS\SYSTEM32\IPHLPAPI.DLL
0x00007ff804e10000 - 0x00007ff804e19000 	C:\WINDOWS\System32\NSI.dll
0x00007ffff36a0000 - 0x00007ffff36b0000 	C:\Program Files\Java\jdk-21\bin\verify.dll
0x00007ff8014e0000 - 0x00007ff8015d8000 	C:\WINDOWS\SYSTEM32\DNSAPI.dll
0x00007fffe1ff0000 - 0x00007fffe1ffa000 	C:\Windows\System32\rasadhlp.dll
0x00007ffffbea0000 - 0x00007ffffbf24000 	C:\WINDOWS\System32\fwpuclnt.dll

dbghelp: loaded successfully - version: 4.0.5 - missing functions: none
symbol engine: initialized successfully - sym options: 0x614 - pdb path: .;C:\Program Files\Java\jdk-21\bin;C:\WINDOWS\SYSTEM32;C:\WINDOWS\WinSxS\amd64_microsoft.windows.common-controls_6595b64144ccf1df_6.0.22621.5697_none_27154c497380d676;C:\Program Files\Java\jdk-21\bin\server;C:\Program Files\JetBrains\IntelliJ IDEA Community Edition 2020.3.3\bin

VM Arguments:
jvm_args: -javaagent:C:\Program Files\JetBrains\IntelliJ IDEA Community Edition 2020.3.3\lib\idea_rt.jar=51757:C:\Program Files\JetBrains\IntelliJ IDEA Community Edition 2020.3.3\bin -Dfile.encoding=UTF-8 
java_command: com.ecommerce.EcommerceProjectApplication
java_class_path (initial): C:\Users\Ankit Agarwal\IdeaProjects\Ecommerce\target\classes;C:\Users\Ankit Agarwal\.m2\repository\org\springframework\boot\spring-boot-starter-data-jpa\3.4.5\spring-boot-starter-data-jpa-3.4.5.jar;C:\Users\Ankit Agarwal\.m2\repository\org\springframework\boot\spring-boot-starter\3.4.5\spring-boot-starter-3.4.5.jar;C:\Users\Ankit Agarwal\.m2\repository\org\springframework\boot\spring-boot-starter-logging\3.4.5\spring-boot-starter-logging-3.4.5.jar;C:\Users\Ankit Agarwal\.m2\repository\ch\qos\logback\logback-classic\1.5.18\logback-classic-1.5.18.jar;C:\Users\Ankit Agarwal\.m2\repository\ch\qos\logback\logback-core\1.5.18\logback-core-1.5.18.jar;C:\Users\Ankit Agarwal\.m2\repository\org\apache\logging\log4j\log4j-to-slf4j\2.24.3\log4j-to-slf4j-2.24.3.jar;C:\Users\Ankit Agarwal\.m2\repository\org\apache\logging\log4j\log4j-api\2.24.3\log4j-api-2.24.3.jar;C:\Users\Ankit Agarwal\.m2\repository\org\slf4j\jul-to-slf4j\2.0.17\jul-to-slf4j-2.0.17.jar;C:\Users\Ankit Agarwal\.m2\repository\jakarta\annotation\jakarta.annotation-api\2.1.1\jakarta.annotation-api-2.1.1.jar;C:\Users\Ankit Agarwal\.m2\repository\org\yaml\snakeyaml\2.3\snakeyaml-2.3.jar;C:\Users\Ankit Agarwal\.m2\repository\org\springframework\boot\spring-boot-starter-jdbc\3.4.5\spring-boot-starter-jdbc-3.4.5.jar;C:\Users\Ankit Agarwal\.m2\repository\com\zaxxer\HikariCP\5.1.0\HikariCP-5.1.0.jar;C:\Users\Ankit Agarwal\.m2\repository\org\springframework\spring-jdbc\6.2.6\spring-jdbc-6.2.6.jar;C:\Users\Ankit Agarwal\.m2\repository\org\hibernate\orm\hibernate-core\6.6.13.Final\hibernate-core-6.6.13.Final.jar;C:\Users\Ankit Agarwal\.m2\repository\jakarta\persistence\jakarta.persistence-api\3.1.0\jakarta.persistence-api-3.1.0.jar;C:\Users\Ankit Agarwal\.m2\repository\jakarta\transaction\jakarta.transaction-api\2.0.1\jakarta.transaction-api-2.0.1.jar;C:\Users\Ankit Agarwal\.m2\repository\org\jboss\logging\jboss-logging\3.6.1.Final\jboss-logging-3.6.1.Final.jar;C:\Users\Ankit Agarwal\.m2\repository\org\hibernate\common\hibernate-commons-annotations\7.0.3.Final\hibernate-commons-annotations-7.0.3.Final.jar;C:\Users\Ankit Agarwal\.m2\repository\io\smallrye\jandex\3.2.0\jandex-3.2.0.jar;C:\Users\Ankit Agarwal\.m2\repository\com\fasterxml\classmate\1.7.0\classmate-1.7.0.jar;C:\Users\Ankit Agarwal\.m2\repository\net\bytebuddy\byte-buddy\1.15.11\byte-buddy-1.15.11.jar;C:\Users\Ankit Agarwal\.m2\repository\org\glassfish\jaxb\jaxb-runtime\4.0.5\jaxb-runtime-4.0.5.jar;C:\Users\Ankit Agarwal\.m2\repository\org\glassfish\jaxb\jaxb-core\4.0.5\jaxb-core-4.0.5.jar;C:\Users\Ankit Agarwal\.m2\repository\org\glassfish\jaxb\txw2\4.0.5\txw2-4.0.5.jar;C:\Users\Ankit Agarwal\.m2\repository\com\sun\istack\istack-commons-runtime\4.1.2\istack-commons-runtime-4.1.2.jar;C:\Users\Ankit Agarwal\.m2\repository\jakarta\inject\jakarta.inject-api\2.0.1\jakarta.inject-api-2.0.1.jar;C:\Users\Ankit Agarwal\.m2\repository\org\antlr\antlr4-runtime\4.13.0\antlr4-runtime-4.13.0.jar;C:\Users\Ankit Agarwal\.m2\repository\org\springframework\data\spring-data-jpa\3.4.5\spring-data-jpa-3.4.5.jar;C:\Users\Ankit Agarwal\.m2\repository\org\springframework\data\spring-data-commons\3.4.5\spring-data-commons-3.4.5.jar;C:\Users\Ankit Agarwal\.m2\repository\org\springframework\spring-orm\6.2.6\spring-orm-6.2.6.jar;C:\Users\Ankit Agarwal\.m2\repository\org\springframework\spring-context\6.2.6\spring-context-6.2.6.jar;C:\Users\Ankit Agarwal\.m2\repository\org\springframework\spring-tx\6.2.6\spring-tx-6.2.6.jar;C:\Users\Ankit Agarwal\.m2\repository\org\springframework\spring-beans\6.2.6\spring-beans-6.2.6.jar;C:\Users\Ankit Agarwal\.m2\repository\org\slf4j\slf4j-api\2.0.17\slf4j-api-2.0.17.jar;C:\Users\Ankit Agarwal\.m2\repository\org\springframework\spring-aspects\6.2.6\spring-aspects-6.2.6.jar;C:\Users\Ankit Agarwal\.m2\repository\org\aspectj\aspectjweaver\1.9.24\aspectjweaver-1.9.24.jar;C:\Users\Ankit Agarwal\.m2\repository\org\springframework\boot\spring-boot-starter-thymeleaf\3.4.5\spring-boot-starter-thymeleaf-3.4.5.jar;C:\Users\Ankit Agarwal\.m2\repository\org\thymeleaf\thymeleaf-spring6\3.1.3.RELEASE\thymeleaf-spring6-3.1.3.RELEASE.jar;C:\Users\Ankit Agarwal\.m2\repository\org\thymeleaf\thymeleaf\3.1.3.RELEASE\thymeleaf-3.1.3.RELEASE.jar;C:\Users\Ankit Agarwal\.m2\repository\org\attoparser\attoparser\2.0.7.RELEASE\attoparser-2.0.7.RELEASE.jar;C:\Users\Ankit Agarwal\.m2\repository\org\unbescape\unbescape\1.1.6.RELEASE\unbescape-1.1.6.RELEASE.jar;C:\Users\Ankit Agarwal\.m2\repository\org\springframework\boot\spring-boot-starter-web\3.4.5\spring-boot-starter-web-3.4.5.jar;C:\Users\Ankit Agarwal\.m2\repository\org\springframework\boot\spring-boot-starter-json\3.4.5\spring-boot-starter-json-3.4.5.jar;C:\Users\Ankit Agarwal\.m2\repository\com\fasterxml\jackson\core\jackson-databind\2.18.3\jackson-databind-2.18.3.jar;C:\Users\Ankit Agarwal\.m2\repository\com\fasterxml\jackson\core\jackson-annotations\2.18.3\jackson-annotations-2.18.3.jar;C:\Users\Ankit Agarwal\.m2\repository\com\fasterxml\jackson\core\jackson-core\2.18.3\jackson-core-2.18.3.jar;C:\Users\Ankit Agarwal\.m2\repository\com\fasterxml\jackson\datatype\jackson-datatype-jdk8\2.18.3\jackson-datatype-jdk8-2.18.3.jar;C:\Users\Ankit Agarwal\.m2\repository\com\fasterxml\jackson\datatype\jackson-datatype-jsr310\2.18.3\jackson-datatype-jsr310-2.18.3.jar;C:\Users\Ankit Agarwal\.m2\repository\com\fasterxml\jackson\module\jackson-module-parameter-names\2.18.3\jackson-module-parameter-names-2.18.3.jar;C:\Users\Ankit Agarwal\.m2\repository\org\springframework\boot\spring-boot-starter-tomcat\3.4.5\spring-boot-starter-tomcat-3.4.5.jar;C:\Users\Ankit Agarwal\.m2\repository\org\apache\tomcat\embed\tomcat-embed-core\10.1.40\tomcat-embed-core-10.1.40.jar;C:\Users\Ankit Agarwal\.m2\repository\org\apache\tomcat\embed\tomcat-embed-el\10.1.40\tomcat-embed-el-10.1.40.jar;C:\Users\Ankit Agarwal\.m2\repository\org\apache\tomcat\embed\tomcat-embed-websocket\10.1.40\tomcat-embed-websocket-10.1.40.jar;C:\Users\Ankit Agarwal\.m2\repository\org\springframework\spring-web\6.2.6\spring-web-6.2.6.jar;C:\Users\Ankit Agarwal\.m2\repository\io\micrometer\micrometer-observation\1.14.6\micrometer-observation-1.14.6.jar;C:\Users\Ankit Agarwal\.m2\repository\io\micrometer\micrometer-commons\1.14.6\micrometer-commons-1.14.6.jar;C:\Users\Ankit Agarwal\.m2\repository\org\springframework\spring-webmvc\6.2.6\spring-webmvc-6.2.6.jar;C:\Users\Ankit Agarwal\.m2\repository\org\springframework\spring-expression\6.2.6\spring-expression-6.2.6.jar;C:\Users\Ankit Agarwal\.m2\repository\com\mysql\mysql-connector-j\9.1.0\mysql-connector-j-9.1.0.jar;C:\Users\Ankit Agarwal\.m2\repository\org\springframework\boot\spring-boot-devtools\3.4.5\spring-boot-devtools-3.4.5.jar;C:\Users\Ankit Agarwal\.m2\repository\org\springframework\boot\spring-boot\3.4.5\spring-boot-3.4.5.jar;C:\Users\Ankit Agarwal\.m2\repository\org\springframework\boot\spring-boot-autoconfigure\3.4.5\spring-boot-autoconfigure-3.4.5.jar;C:\Users\Ankit Agarwal\.m2\repository\jakarta\xml\bind\jakarta.xml.bind-api\4.0.2\jakarta.xml.bind-api-4.0.2.jar;C:\Users\Ankit Agarwal\.m2\repository\jakarta\activation\jakarta.activation-api\2.1.3\jakarta.activation-api-2.1.3.jar;C:\Users\Ankit Agarwal\.m2\repository\org\springframework\spring-core\6.2.6\spring-core-6.2.6.jar;C:\Users\Ankit Agarwal\.m2\repository\org\springframework\spring-jcl\6.2.6\spring-jcl-6.2.6.jar;C:\Users\Ankit Agarwal\.m2\repository\org\springframework\boot\spring-boot-starter-security\3.4.5\spring-boot-starter-security-3.4.5.jar;C:\Users\Ankit Agarwal\.m2\repository\org\springframework\spring-aop\6.2.6\spring-aop-6.2.6.jar;C:\Users\Ankit Agarwal\.m2\repository\org\springframework\security\spring-security-config\6.4.5\spring-security-config-6.4.5.jar;C:\Users\Ankit Agarwal\.m2\repository\org\springframework\security\spring-security-core\6.4.5\spring-security-core-6.4.5.jar;C:\Users\Ankit Agarwal\.m2\repository\org\springframework\security\spring-security-crypto\6.4.5\spring-security-crypto-6.4.5.jar;C:\Users\Ankit Agarwal\.m2\repository\org\springframework\security\spring-security-web\6.4.5\spring-security-web-6.4.5.jar;C:\Users\Ankit Agarwal\.m2\repository\org\springframework\boot\spring-boot-starter-mail\3.4.5\spring-boot-starter-mail-3.4.5.jar;C:\Users\Ankit Agarwal\.m2\repository\org\springframework\spring-context-support\6.2.6\spring-context-support-6.2.6.jar;C:\Users\Ankit Agarwal\.m2\repository\org\eclipse\angus\jakarta.mail\2.0.3\jakarta.mail-2.0.3.jar;C:\Users\Ankit Agarwal\.m2\repository\org\eclipse\angus\angus-activation\2.0.2\angus-activation-2.0.2.jar
Launcher Type: SUN_STANDARD

[Global flags]
     intx CICompilerCount                          = 4                                         {product} {ergonomic}
     uint ConcGCThreads                            = 2                                         {product} {ergonomic}
     uint G1ConcRefinementThreads                  = 8                                         {product} {ergonomic}
   size_t G1HeapRegionSize                         = 1048576                                   {product} {ergonomic}
    uintx GCDrainStackTargetSize                   = 64                                        {product} {ergonomic}
   size_t InitialHeapSize                          = 65011712                                  {product} {ergonomic}
   size_t MarkStackSize                            = 4194304                                   {product} {ergonomic}
   size_t MaxHeapSize                              = 1023410176                                {product} {ergonomic}
   size_t MaxNewSize                               = 613416960                                 {product} {ergonomic}
   size_t MinHeapDeltaBytes                        = 1048576                                   {product} {ergonomic}
   size_t MinHeapSize                              = 8388608                                   {product} {ergonomic}
    uintx NonNMethodCodeHeapSize                   = 5839372                                {pd product} {ergonomic}
    uintx NonProfiledCodeHeapSize                  = 122909434                              {pd product} {ergonomic}
    uintx ProfiledCodeHeapSize                     = 122909434                              {pd product} {ergonomic}
    uintx ReservedCodeCacheSize                    = 251658240                              {pd product} {ergonomic}
     bool SegmentedCodeCache                       = true                                      {product} {ergonomic}
   size_t SoftMaxHeapSize                          = 1023410176                             {manageable} {ergonomic}
     bool UseCompressedOops                        = true                           {product lp64_product} {ergonomic}
     bool UseG1GC                                  = true                                      {product} {ergonomic}
     bool UseLargePagesIndividualAllocation        = false                                  {pd product} {ergonomic}

Logging:
Log output configuration:
 #0: stdout all=warning uptime,level,tags foldmultilines=false
 #1: stderr all=off uptime,level,tags foldmultilines=false

Environment Variables:
JAVA_HOME=C:\Program Files\Java\jdk-16.0.1
PATH=C:\Program Files\Common Files\Oracle\Java\javapath;C:\Python399\Scripts\;C:\Python399\;C:\Program Files (x86)\Common Files\Oracle\Java\javapath;C:\app\AnkitAgarwal\product\11.2.0\dbhome_3\bin;C:\WINDOWS\system32;C:\WINDOWS;C:\WINDOWS\System32\Wbem;C:\WINDOWS\System32\WindowsPowerShell\v1.0\;C:\WINDOWS\System32\OpenSSH\;C:\Program Files\Java\jdk-15.0.1;C:\Program Files\Java\jdk1.8.0_271\bin;C:\cygwin64\bin;C:\ProgramData\chocolatey\bin;C:\Users\Ankit Agarwal\AppData\Roaming\Microsoft\Windows\Start Menu\Programs\Python 3.9;C:\Users\Ankit Agarwal\AppData\Local\Programs\Python\Python39\Scripts;C:\Users\Ankit Agarwal\AppData\Local\Programs\Python\Python39;C:\Users\Ankit Agarwal\PycharmProjects\pythonProject\venv\Scripts;C:\Program Files\Git\cmd;C:\Program Files\Git\mingw64\bin;C:\Program Files\Git\usr\bin;C:\MinGW\bin;C:\Program Files\Java\jdk-16.0.1\bin;C:\iverilog\bin;C:\Users\Ankit Agarwal\AppData\Local\Yarn\bin;C:\Users\Ankit Agarwal\AppData\Roaming\nvm;C:\Program Files\nodejs;C:\ProgramData\ComposerSetup\bin;C:\Program Files\MySQL\MySQL Server 5.5\bin;C:\maven\apache-maven-3.9.9-bin\apache-maven-3.9.9\bin;;C:\Program Files\Docker\Docker\resources\bin;C:\Users\Ankit Agarwal\AppData\Local\Microsoft\WindowsApps;C:\Java\jdk-15.0.1\bin;C:\Program Files\MongoDB\Server\4.4\bin;C:\Windows\System32;C:\MinGW\bin;C:\Program Files (x86)\mingw-w64\i686-8.1.0-posix-dwarf-rt_v6-rev0\mingw32\bin;C:\Program Files\ffmpeg\bin;C:\Program Files\heroku\bin;C:\Program Files\JetBrains\IntelliJ IDEA Community Edition 2020.3.3\bin;;C:\Program Files\Java\jdk-16.0.1;C:\Program Files\Java\jdk-16.0.1\bin;C:\Users\Ankit Agarwal\AppData\Local\GitHubDesktop\bin;C:\Users\Ankit Agarwal\AppData\Roaming\npm;C:\Users\Ankit Agarwal\AppData\Roaming\nvm;C:\Program Files\nodejs;C:\xampp\php;C:\Users\Ankit Agarwal\AppData\Local\ComposerSetup\bin;C:\Users\Ankit Agarwal\AppData\Roaming\Composer\vendor\bin;C:\Users\Ankit Agarwal\AppData\Local\Programs\Microsoft VS Code\bin
USERNAME=Ankit Agarwal
OS=Windows_NT
PROCESSOR_IDENTIFIER=Intel64 Family 6 Model 142 Stepping 12, GenuineIntel
TMP=C:\Users\ANKITA~1\AppData\Local\Temp
TEMP=C:\Users\ANKITA~1\AppData\Local\Temp




Periodic native trim disabled

---------------  S Y S T E M  ---------------

OS:
 Windows 11 , 64 bit Build 22621 (10.0.22621.5415)
OS uptime: 0 days 7:08 hours
Hyper-V role detected

CPU: total 8 (initial active 8) (4 cores per cpu, 2 threads per core) family 6 model 142 stepping 12 microcode 0xea, cx8, cmov, fxsr, ht, mmx, 3dnowpref, sse, sse2, sse3, ssse3, sse4.1, sse4.2, popcnt, lzcnt, tsc, tscinvbit, avx, avx2, aes, erms, clmul, bmi1, bmi2, adx, fma, vzeroupper, clflush, clflushopt, hv, rdtscp, f16c
Processor Information for all 8 processors :
  Max Mhz: 2112, Current Mhz: 1609, Mhz Limit: 1605

Memory: 4k page, system-wide physical 3899M (194M free)
TotalPageFile size 15675M (AvailPageFile size 13M)
current process WorkingSet (physical memory assigned to process): 164M, peak: 175M
current process commit charge ("private bytes"): 228M, peak: 229M

vm_info: Java HotSpot(TM) 64-Bit Server VM (21.0.7+8-LTS-245) for windows-amd64 JRE (21.0.7+8-LTS-245), built on 2025-02-21T05:11:27Z by "mach5one" with MS VC++ 17.6 (VS2022)

END.
